<html>
<body>
<pre>
<h1>礦ision Build Log</h1>
<h2>Tool Versions:</h2>
IDE-Version: μVision V5.33.0.0
Copyright (C) 2020 ARM Ltd and ARM Germany GmbH. All rights reserved.
License Information: 葛 8618746985220, 北京大学, LIC=YA39H-WAU1S-IIV5V-PPFLS-8MH3B-Y49EK
 
Tool Versions:
Toolchain:       MDK-ARM Plus  Version: 5.33.0.0
Toolchain Path:  C:\Keil_v5\ARM\ARMCC\Bin
C Compiler:      Armcc.exe V5.06 update 7 (build 960)
Assembler:       Armasm.exe V5.06 update 7 (build 960)
Linker/Locator:  ArmLink.exe V5.06 update 7 (build 960)
Library Manager: ArmAr.exe V5.06 update 7 (build 960)
Hex Converter:   FromElf.exe V5.06 update 7 (build 960)
CPU DLL:         
Dialog DLL:      DCM.DLL V1.17.3.0
Target DLL:      STLink\ST-LINKIII-KEIL_SWO.dll V3.0.8.0
Dialog DLL:      TCM.DLL V1.48.0.0
 
<h2>Project:</h2>
D:\86187\3.spr\four\code\Lab4_WIFI_weather_3\Lab4_WIFI_weather_3\Lab4_WIFI_rain.uvprojx
Project File Date:  04/24/2023

<h2>Output:</h2>
*** Using Compiler 'V5.06 update 7 (build 960)', folder: 'C:\Keil_v5\ARM\ARMCC\Bin'
Rebuild target 'Lab4_WIFI_weather_3'
compiling HTS221_driver.c...
compiling LSM303AGR_mag_driver.c...
compiling LPS22HB_driver.c...
compiling LSM303AGR_acc_driver.c...
compiling LSM6DSL_acc_gyro_driver.c...
compiling LSM303AGRMagSensor.cpp...
compiling LSM303AGRAccSensor.cpp...
compiling LPS22HBSensor.cpp...
compiling HTS221Sensor.cpp...
compiling main.cpp...
ESP8266\wifi.h(148): warning:  #1-D: last line of file ends without a newline
  }    
main.cpp(187): warning:  #111-D: statement is unreachable
      pc1.printf("\n---------- Setting Mode ----------\r\n");
main.cpp(63): warning:  #177-D: variable "id"  was declared but never referenced
    uint8_t id;
main.cpp: 3 warnings, 0 errors
compiling LSM6DSLSensor.cpp...
compiling XNucleoIKS01A2.cpp...
linking...
Program Size: Code=41768 RO-data=5204 RW-data=376 ZI-data=15364  
".\BUILD\Lab4_WIFI_weather_3.axf" - 0 Error(s), 3 Warning(s).

<h2>Software Packages used:</h2>

Package Vendor: Keil
                http://www.keil.com/pack/Keil.STM32F4xx_DFP.2.13.0.pack
                Keil.STM32F4xx_DFP.2.13.0
                STMicroelectronics STM32F4 Series Device Support, Drivers and Examples

<h2>Collection of Component include folders:</h2>
  C:\Users\86187\AppData\Local\Arm\Packs\Keil\STM32F4xx_DFP\2.13.0\Drivers\CMSIS\Device\ST\STM32F4xx\Include

<h2>Collection of Component Files used:</h2>
Build Time Elapsed:  00:00:03
</pre>
</body>
</html>
