<!doctype html public "-//w3c//dtd html 4.0 transitional//en">
<html><head>
<title>Static Call Graph - [.\BUILD\Lab4_WIFI_weather_3.axf]</title></head>
<body><HR>
<H1>Static Call Graph for image .\BUILD\Lab4_WIFI_weather_3.axf</H1><HR>
<BR><P>#&#060CALLGRAPH&#062# ARM Linker, 5060960: Last Updated: Fri Jun 09 15:59:19 2023
<BR><P>
<H3>Maximum Stack Usage =       2104 bytes + Unknown(Cycles, Untraceable Function Pointers)</H3><H3>
Call chain for Maximum Stack Depth:</H3>
__rt_entry_main &rArr; main &rArr; $Super$$main &rArr; LPS22HBSensor::enable() &rArr; LPS22HBSensor::Set_ODR_When_Enabled(float) &rArr; LPS22HB_Set_Odr &rArr; LPS22HB_write_reg &rArr; LPS22HB_io_write &rArr; mbed::I2C::write(int, const char*, int, bool) &rArr; i2c_write &rArr; wait_us &rArr; ticker_read &rArr; initialize &rArr; mbed_assert_internal &rArr; mbed_die &rArr; gpio_init_out &rArr; gpio_mode &rArr; pin_mode &rArr;  mbed_assert_internal (Cycle)
<P>
<H3>
Mutually Recursive functions
</H3> <LI><a href="#[13]">NMI_Handler</a>&nbsp;&nbsp;&nbsp;&rArr;&nbsp;&nbsp;&nbsp;<a href="#[13]">NMI_Handler</a><BR>
 <LI><a href="#[14]">HardFault_Handler</a>&nbsp;&nbsp;&nbsp;&rArr;&nbsp;&nbsp;&nbsp;<a href="#[14]">HardFault_Handler</a><BR>
 <LI><a href="#[15]">MemManage_Handler</a>&nbsp;&nbsp;&nbsp;&rArr;&nbsp;&nbsp;&nbsp;<a href="#[15]">MemManage_Handler</a><BR>
 <LI><a href="#[16]">BusFault_Handler</a>&nbsp;&nbsp;&nbsp;&rArr;&nbsp;&nbsp;&nbsp;<a href="#[16]">BusFault_Handler</a><BR>
 <LI><a href="#[17]">UsageFault_Handler</a>&nbsp;&nbsp;&nbsp;&rArr;&nbsp;&nbsp;&nbsp;<a href="#[17]">UsageFault_Handler</a><BR>
 <LI><a href="#[18]">SVC_Handler</a>&nbsp;&nbsp;&nbsp;&rArr;&nbsp;&nbsp;&nbsp;<a href="#[18]">SVC_Handler</a><BR>
 <LI><a href="#[19]">DebugMon_Handler</a>&nbsp;&nbsp;&nbsp;&rArr;&nbsp;&nbsp;&nbsp;<a href="#[19]">DebugMon_Handler</a><BR>
 <LI><a href="#[1a]">PendSV_Handler</a>&nbsp;&nbsp;&nbsp;&rArr;&nbsp;&nbsp;&nbsp;<a href="#[1a]">PendSV_Handler</a><BR>
 <LI><a href="#[1b]">SysTick_Handler</a>&nbsp;&nbsp;&nbsp;&rArr;&nbsp;&nbsp;&nbsp;<a href="#[1b]">SysTick_Handler</a><BR>
 <LI><a href="#[2e]">ADC_IRQHandler</a>&nbsp;&nbsp;&nbsp;&rArr;&nbsp;&nbsp;&nbsp;<a href="#[2e]">ADC_IRQHandler</a><BR>
 <LI><a href="#[1e5]">core_util_critical_section_enter</a>&nbsp;&nbsp;&nbsp;&rArr;&nbsp;&nbsp;&nbsp;<a href="#[1ac]">mbed_assert_internal</a><BR>
 <LI><a href="#[228]">wait_ms</a>&nbsp;&nbsp;&nbsp;&rArr;&nbsp;&nbsp;&nbsp;<a href="#[231]">ticker_read</a><BR>
 <LI><a href="#[e3]">exit</a>&nbsp;&nbsp;&nbsp;&rArr;&nbsp;&nbsp;&nbsp;<a href="#[213]">mbed_die</a><BR>
 <LI><a href="#[1b6]">__cxa_guard_release</a>&nbsp;&nbsp;&nbsp;&rArr;&nbsp;&nbsp;&nbsp;<a href="#[1ac]">mbed_assert_internal</a><BR>
 <LI><a href="#[1b2]">__cxa_guard_acquire</a>&nbsp;&nbsp;&nbsp;&rArr;&nbsp;&nbsp;&nbsp;<a href="#[1ac]">mbed_assert_internal</a><BR>
 <LI><a href="#[1f9]">mbed_error</a>&nbsp;&nbsp;&nbsp;&rArr;&nbsp;&nbsp;&nbsp;<a href="#[e3]">exit</a><BR>
 <LI><a href="#[22a]">mbed_error_printf</a>&nbsp;&nbsp;&nbsp;&rArr;&nbsp;&nbsp;&nbsp;<a href="#[1b3]">serial_init</a><BR>
 <LI><a href="#[210]">handle_error</a>&nbsp;&nbsp;&nbsp;&rArr;&nbsp;&nbsp;&nbsp;<a href="#[1e8]">core_util_critical_section_exit</a><BR>
 <LI><a href="#[21c]">mbed_error_hist_put</a>&nbsp;&nbsp;&nbsp;&rArr;&nbsp;&nbsp;&nbsp;<a href="#[1e8]">core_util_critical_section_exit</a><BR>
 <LI><a href="#[1b3]">serial_init</a>&nbsp;&nbsp;&nbsp;&rArr;&nbsp;&nbsp;&nbsp;<a href="#[21b]">pin_mode</a><BR>
 <LI><a href="#[220]">pinmap_pinout</a>&nbsp;&nbsp;&nbsp;&rArr;&nbsp;&nbsp;&nbsp;<a href="#[21b]">pin_mode</a><BR>
 <LI><a href="#[217]">pin_function</a>&nbsp;&nbsp;&nbsp;&rArr;&nbsp;&nbsp;&nbsp;<a href="#[1a8]">Set_GPIO_Clock</a><BR>
 <LI><a href="#[212]">mbed_error_vfprintf</a>&nbsp;&nbsp;&nbsp;&rArr;&nbsp;&nbsp;&nbsp;<a href="#[1e8]">core_util_critical_section_exit</a><BR>
 <LI><a href="#[21b]">pin_mode</a>&nbsp;&nbsp;&nbsp;&rArr;&nbsp;&nbsp;&nbsp;<a href="#[1ac]">mbed_assert_internal</a><BR>
 <LI><a href="#[20b]">core_util_atomic_decr_u16</a>&nbsp;&nbsp;&nbsp;&rArr;&nbsp;&nbsp;&nbsp;<a href="#[20b]">core_util_atomic_decr_u16</a><BR>
 <LI><a href="#[20c]">core_util_atomic_incr_u16</a>&nbsp;&nbsp;&nbsp;&rArr;&nbsp;&nbsp;&nbsp;<a href="#[20c]">core_util_atomic_incr_u16</a><BR>
</UL>
<P>
<H3>
Function Pointers
</H3><UL>
 <LI><a href="#[63]">&lang;Func3&rang;</a> from mbed/TARGET_NUCLEO_F401RE/TOOLCHAIN_ARM_STD/mbed.ar(SerialBase.o)(i.<Func3>) referenced from mbed/TARGET_NUCLEO_F401RE/TOOLCHAIN_ARM_STD/mbed.ar(SerialBase.o)(i._ZN4mbed10SerialBaseC1E7PinNameS1_i)
 <LI><a href="#[2e]">ADC_IRQHandler</a> from mbed/TARGET_NUCLEO_F401RE/TOOLCHAIN_ARM_STD/startup_stm32f401xe.o(.text) referenced from mbed/TARGET_NUCLEO_F401RE/TOOLCHAIN_ARM_STD/startup_stm32f401xe.o(RESET)
 <LI><a href="#[16]">BusFault_Handler</a> from mbed/TARGET_NUCLEO_F401RE/TOOLCHAIN_ARM_STD/startup_stm32f401xe.o(.text) referenced from mbed/TARGET_NUCLEO_F401RE/TOOLCHAIN_ARM_STD/startup_stm32f401xe.o(RESET)
 <LI><a href="#[27]">DMA1_Stream0_IRQHandler</a> from mbed/TARGET_NUCLEO_F401RE/TOOLCHAIN_ARM_STD/startup_stm32f401xe.o(.text) referenced from mbed/TARGET_NUCLEO_F401RE/TOOLCHAIN_ARM_STD/startup_stm32f401xe.o(RESET)
 <LI><a href="#[28]">DMA1_Stream1_IRQHandler</a> from mbed/TARGET_NUCLEO_F401RE/TOOLCHAIN_ARM_STD/startup_stm32f401xe.o(.text) referenced from mbed/TARGET_NUCLEO_F401RE/TOOLCHAIN_ARM_STD/startup_stm32f401xe.o(RESET)
 <LI><a href="#[29]">DMA1_Stream2_IRQHandler</a> from mbed/TARGET_NUCLEO_F401RE/TOOLCHAIN_ARM_STD/startup_stm32f401xe.o(.text) referenced from mbed/TARGET_NUCLEO_F401RE/TOOLCHAIN_ARM_STD/startup_stm32f401xe.o(RESET)
 <LI><a href="#[2a]">DMA1_Stream3_IRQHandler</a> from mbed/TARGET_NUCLEO_F401RE/TOOLCHAIN_ARM_STD/startup_stm32f401xe.o(.text) referenced from mbed/TARGET_NUCLEO_F401RE/TOOLCHAIN_ARM_STD/startup_stm32f401xe.o(RESET)
 <LI><a href="#[2b]">DMA1_Stream4_IRQHandler</a> from mbed/TARGET_NUCLEO_F401RE/TOOLCHAIN_ARM_STD/startup_stm32f401xe.o(.text) referenced from mbed/TARGET_NUCLEO_F401RE/TOOLCHAIN_ARM_STD/startup_stm32f401xe.o(RESET)
 <LI><a href="#[2c]">DMA1_Stream5_IRQHandler</a> from mbed/TARGET_NUCLEO_F401RE/TOOLCHAIN_ARM_STD/startup_stm32f401xe.o(.text) referenced from mbed/TARGET_NUCLEO_F401RE/TOOLCHAIN_ARM_STD/startup_stm32f401xe.o(RESET)
 <LI><a href="#[2d]">DMA1_Stream6_IRQHandler</a> from mbed/TARGET_NUCLEO_F401RE/TOOLCHAIN_ARM_STD/startup_stm32f401xe.o(.text) referenced from mbed/TARGET_NUCLEO_F401RE/TOOLCHAIN_ARM_STD/startup_stm32f401xe.o(RESET)
 <LI><a href="#[42]">DMA1_Stream7_IRQHandler</a> from mbed/TARGET_NUCLEO_F401RE/TOOLCHAIN_ARM_STD/startup_stm32f401xe.o(.text) referenced from mbed/TARGET_NUCLEO_F401RE/TOOLCHAIN_ARM_STD/startup_stm32f401xe.o(RESET)
 <LI><a href="#[46]">DMA2_Stream0_IRQHandler</a> from mbed/TARGET_NUCLEO_F401RE/TOOLCHAIN_ARM_STD/startup_stm32f401xe.o(.text) referenced from mbed/TARGET_NUCLEO_F401RE/TOOLCHAIN_ARM_STD/startup_stm32f401xe.o(RESET)
 <LI><a href="#[47]">DMA2_Stream1_IRQHandler</a> from mbed/TARGET_NUCLEO_F401RE/TOOLCHAIN_ARM_STD/startup_stm32f401xe.o(.text) referenced from mbed/TARGET_NUCLEO_F401RE/TOOLCHAIN_ARM_STD/startup_stm32f401xe.o(RESET)
 <LI><a href="#[48]">DMA2_Stream2_IRQHandler</a> from mbed/TARGET_NUCLEO_F401RE/TOOLCHAIN_ARM_STD/startup_stm32f401xe.o(.text) referenced from mbed/TARGET_NUCLEO_F401RE/TOOLCHAIN_ARM_STD/startup_stm32f401xe.o(RESET)
 <LI><a href="#[49]">DMA2_Stream3_IRQHandler</a> from mbed/TARGET_NUCLEO_F401RE/TOOLCHAIN_ARM_STD/startup_stm32f401xe.o(.text) referenced from mbed/TARGET_NUCLEO_F401RE/TOOLCHAIN_ARM_STD/startup_stm32f401xe.o(RESET)
 <LI><a href="#[4a]">DMA2_Stream4_IRQHandler</a> from mbed/TARGET_NUCLEO_F401RE/TOOLCHAIN_ARM_STD/startup_stm32f401xe.o(.text) referenced from mbed/TARGET_NUCLEO_F401RE/TOOLCHAIN_ARM_STD/startup_stm32f401xe.o(RESET)
 <LI><a href="#[4c]">DMA2_Stream5_IRQHandler</a> from mbed/TARGET_NUCLEO_F401RE/TOOLCHAIN_ARM_STD/startup_stm32f401xe.o(.text) referenced from mbed/TARGET_NUCLEO_F401RE/TOOLCHAIN_ARM_STD/startup_stm32f401xe.o(RESET)
 <LI><a href="#[4d]">DMA2_Stream6_IRQHandler</a> from mbed/TARGET_NUCLEO_F401RE/TOOLCHAIN_ARM_STD/startup_stm32f401xe.o(.text) referenced from mbed/TARGET_NUCLEO_F401RE/TOOLCHAIN_ARM_STD/startup_stm32f401xe.o(RESET)
 <LI><a href="#[4e]">DMA2_Stream7_IRQHandler</a> from mbed/TARGET_NUCLEO_F401RE/TOOLCHAIN_ARM_STD/startup_stm32f401xe.o(.text) referenced from mbed/TARGET_NUCLEO_F401RE/TOOLCHAIN_ARM_STD/startup_stm32f401xe.o(RESET)
 <LI><a href="#[19]">DebugMon_Handler</a> from mbed/TARGET_NUCLEO_F401RE/TOOLCHAIN_ARM_STD/startup_stm32f401xe.o(.text) referenced from mbed/TARGET_NUCLEO_F401RE/TOOLCHAIN_ARM_STD/startup_stm32f401xe.o(RESET)
 <LI><a href="#[22]">EXTI0_IRQHandler</a> from mbed/TARGET_NUCLEO_F401RE/TOOLCHAIN_ARM_STD/startup_stm32f401xe.o(.text) referenced from mbed/TARGET_NUCLEO_F401RE/TOOLCHAIN_ARM_STD/startup_stm32f401xe.o(RESET)
 <LI><a href="#[3f]">EXTI15_10_IRQHandler</a> from mbed/TARGET_NUCLEO_F401RE/TOOLCHAIN_ARM_STD/startup_stm32f401xe.o(.text) referenced from mbed/TARGET_NUCLEO_F401RE/TOOLCHAIN_ARM_STD/startup_stm32f401xe.o(RESET)
 <LI><a href="#[23]">EXTI1_IRQHandler</a> from mbed/TARGET_NUCLEO_F401RE/TOOLCHAIN_ARM_STD/startup_stm32f401xe.o(.text) referenced from mbed/TARGET_NUCLEO_F401RE/TOOLCHAIN_ARM_STD/startup_stm32f401xe.o(RESET)
 <LI><a href="#[24]">EXTI2_IRQHandler</a> from mbed/TARGET_NUCLEO_F401RE/TOOLCHAIN_ARM_STD/startup_stm32f401xe.o(.text) referenced from mbed/TARGET_NUCLEO_F401RE/TOOLCHAIN_ARM_STD/startup_stm32f401xe.o(RESET)
 <LI><a href="#[25]">EXTI3_IRQHandler</a> from mbed/TARGET_NUCLEO_F401RE/TOOLCHAIN_ARM_STD/startup_stm32f401xe.o(.text) referenced from mbed/TARGET_NUCLEO_F401RE/TOOLCHAIN_ARM_STD/startup_stm32f401xe.o(RESET)
 <LI><a href="#[26]">EXTI4_IRQHandler</a> from mbed/TARGET_NUCLEO_F401RE/TOOLCHAIN_ARM_STD/startup_stm32f401xe.o(.text) referenced from mbed/TARGET_NUCLEO_F401RE/TOOLCHAIN_ARM_STD/startup_stm32f401xe.o(RESET)
 <LI><a href="#[2f]">EXTI9_5_IRQHandler</a> from mbed/TARGET_NUCLEO_F401RE/TOOLCHAIN_ARM_STD/startup_stm32f401xe.o(.text) referenced from mbed/TARGET_NUCLEO_F401RE/TOOLCHAIN_ARM_STD/startup_stm32f401xe.o(RESET)
 <LI><a href="#[20]">FLASH_IRQHandler</a> from mbed/TARGET_NUCLEO_F401RE/TOOLCHAIN_ARM_STD/startup_stm32f401xe.o(.text) referenced from mbed/TARGET_NUCLEO_F401RE/TOOLCHAIN_ARM_STD/startup_stm32f401xe.o(RESET)
 <LI><a href="#[52]">FPU_IRQHandler</a> from mbed/TARGET_NUCLEO_F401RE/TOOLCHAIN_ARM_STD/startup_stm32f401xe.o(.text) referenced from mbed/TARGET_NUCLEO_F401RE/TOOLCHAIN_ARM_STD/startup_stm32f401xe.o(RESET)
 <LI><a href="#[14]">HardFault_Handler</a> from mbed/TARGET_NUCLEO_F401RE/TOOLCHAIN_ARM_STD/startup_stm32f401xe.o(.text) referenced from mbed/TARGET_NUCLEO_F401RE/TOOLCHAIN_ARM_STD/startup_stm32f401xe.o(RESET)
 <LI><a href="#[38]">I2C1_ER_IRQHandler</a> from mbed/TARGET_NUCLEO_F401RE/TOOLCHAIN_ARM_STD/startup_stm32f401xe.o(.text) referenced from mbed/TARGET_NUCLEO_F401RE/TOOLCHAIN_ARM_STD/startup_stm32f401xe.o(RESET)
 <LI><a href="#[37]">I2C1_EV_IRQHandler</a> from mbed/TARGET_NUCLEO_F401RE/TOOLCHAIN_ARM_STD/startup_stm32f401xe.o(.text) referenced from mbed/TARGET_NUCLEO_F401RE/TOOLCHAIN_ARM_STD/startup_stm32f401xe.o(RESET)
 <LI><a href="#[3a]">I2C2_ER_IRQHandler</a> from mbed/TARGET_NUCLEO_F401RE/TOOLCHAIN_ARM_STD/startup_stm32f401xe.o(.text) referenced from mbed/TARGET_NUCLEO_F401RE/TOOLCHAIN_ARM_STD/startup_stm32f401xe.o(RESET)
 <LI><a href="#[39]">I2C2_EV_IRQHandler</a> from mbed/TARGET_NUCLEO_F401RE/TOOLCHAIN_ARM_STD/startup_stm32f401xe.o(.text) referenced from mbed/TARGET_NUCLEO_F401RE/TOOLCHAIN_ARM_STD/startup_stm32f401xe.o(RESET)
 <LI><a href="#[51]">I2C3_ER_IRQHandler</a> from mbed/TARGET_NUCLEO_F401RE/TOOLCHAIN_ARM_STD/startup_stm32f401xe.o(.text) referenced from mbed/TARGET_NUCLEO_F401RE/TOOLCHAIN_ARM_STD/startup_stm32f401xe.o(RESET)
 <LI><a href="#[50]">I2C3_EV_IRQHandler</a> from mbed/TARGET_NUCLEO_F401RE/TOOLCHAIN_ARM_STD/startup_stm32f401xe.o(.text) referenced from mbed/TARGET_NUCLEO_F401RE/TOOLCHAIN_ARM_STD/startup_stm32f401xe.o(RESET)
 <LI><a href="#[60]">I2C_DMAAbort</a> from mbed/TARGET_NUCLEO_F401RE/TOOLCHAIN_ARM_STD/stm32f4xx_hal_i2c.o(i.I2C_DMAAbort) referenced from mbed/TARGET_NUCLEO_F401RE/TOOLCHAIN_ARM_STD/stm32f4xx_hal_i2c.o(i.I2C_ITError)
 <LI><a href="#[15]">MemManage_Handler</a> from mbed/TARGET_NUCLEO_F401RE/TOOLCHAIN_ARM_STD/startup_stm32f401xe.o(.text) referenced from mbed/TARGET_NUCLEO_F401RE/TOOLCHAIN_ARM_STD/startup_stm32f401xe.o(RESET)
 <LI><a href="#[13]">NMI_Handler</a> from mbed/TARGET_NUCLEO_F401RE/TOOLCHAIN_ARM_STD/startup_stm32f401xe.o(.text) referenced from mbed/TARGET_NUCLEO_F401RE/TOOLCHAIN_ARM_STD/startup_stm32f401xe.o(RESET)
 <LI><a href="#[4b]">OTG_FS_IRQHandler</a> from mbed/TARGET_NUCLEO_F401RE/TOOLCHAIN_ARM_STD/startup_stm32f401xe.o(.text) referenced from mbed/TARGET_NUCLEO_F401RE/TOOLCHAIN_ARM_STD/startup_stm32f401xe.o(RESET)
 <LI><a href="#[41]">OTG_FS_WKUP_IRQHandler</a> from mbed/TARGET_NUCLEO_F401RE/TOOLCHAIN_ARM_STD/startup_stm32f401xe.o(.text) referenced from mbed/TARGET_NUCLEO_F401RE/TOOLCHAIN_ARM_STD/startup_stm32f401xe.o(RESET)
 <LI><a href="#[1d]">PVD_IRQHandler</a> from mbed/TARGET_NUCLEO_F401RE/TOOLCHAIN_ARM_STD/startup_stm32f401xe.o(.text) referenced from mbed/TARGET_NUCLEO_F401RE/TOOLCHAIN_ARM_STD/startup_stm32f401xe.o(RESET)
 <LI><a href="#[1a]">PendSV_Handler</a> from mbed/TARGET_NUCLEO_F401RE/TOOLCHAIN_ARM_STD/startup_stm32f401xe.o(.text) referenced from mbed/TARGET_NUCLEO_F401RE/TOOLCHAIN_ARM_STD/startup_stm32f401xe.o(RESET)
 <LI><a href="#[21]">RCC_IRQHandler</a> from mbed/TARGET_NUCLEO_F401RE/TOOLCHAIN_ARM_STD/startup_stm32f401xe.o(.text) referenced from mbed/TARGET_NUCLEO_F401RE/TOOLCHAIN_ARM_STD/startup_stm32f401xe.o(RESET)
 <LI><a href="#[40]">RTC_Alarm_IRQHandler</a> from mbed/TARGET_NUCLEO_F401RE/TOOLCHAIN_ARM_STD/startup_stm32f401xe.o(.text) referenced from mbed/TARGET_NUCLEO_F401RE/TOOLCHAIN_ARM_STD/startup_stm32f401xe.o(RESET)
 <LI><a href="#[1f]">RTC_WKUP_IRQHandler</a> from mbed/TARGET_NUCLEO_F401RE/TOOLCHAIN_ARM_STD/startup_stm32f401xe.o(.text) referenced from mbed/TARGET_NUCLEO_F401RE/TOOLCHAIN_ARM_STD/startup_stm32f401xe.o(RESET)
 <LI><a href="#[12]">Reset_Handler</a> from mbed/TARGET_NUCLEO_F401RE/TOOLCHAIN_ARM_STD/startup_stm32f401xe.o(.text) referenced from mbed/TARGET_NUCLEO_F401RE/TOOLCHAIN_ARM_STD/startup_stm32f401xe.o(RESET)
 <LI><a href="#[43]">SDIO_IRQHandler</a> from mbed/TARGET_NUCLEO_F401RE/TOOLCHAIN_ARM_STD/startup_stm32f401xe.o(.text) referenced from mbed/TARGET_NUCLEO_F401RE/TOOLCHAIN_ARM_STD/startup_stm32f401xe.o(RESET)
 <LI><a href="#[3b]">SPI1_IRQHandler</a> from mbed/TARGET_NUCLEO_F401RE/TOOLCHAIN_ARM_STD/startup_stm32f401xe.o(.text) referenced from mbed/TARGET_NUCLEO_F401RE/TOOLCHAIN_ARM_STD/startup_stm32f401xe.o(RESET)
 <LI><a href="#[3c]">SPI2_IRQHandler</a> from mbed/TARGET_NUCLEO_F401RE/TOOLCHAIN_ARM_STD/startup_stm32f401xe.o(.text) referenced from mbed/TARGET_NUCLEO_F401RE/TOOLCHAIN_ARM_STD/startup_stm32f401xe.o(RESET)
 <LI><a href="#[45]">SPI3_IRQHandler</a> from mbed/TARGET_NUCLEO_F401RE/TOOLCHAIN_ARM_STD/startup_stm32f401xe.o(.text) referenced from mbed/TARGET_NUCLEO_F401RE/TOOLCHAIN_ARM_STD/startup_stm32f401xe.o(RESET)
 <LI><a href="#[53]">SPI4_IRQHandler</a> from mbed/TARGET_NUCLEO_F401RE/TOOLCHAIN_ARM_STD/startup_stm32f401xe.o(.text) referenced from mbed/TARGET_NUCLEO_F401RE/TOOLCHAIN_ARM_STD/startup_stm32f401xe.o(RESET)
 <LI><a href="#[18]">SVC_Handler</a> from mbed/TARGET_NUCLEO_F401RE/TOOLCHAIN_ARM_STD/startup_stm32f401xe.o(.text) referenced from mbed/TARGET_NUCLEO_F401RE/TOOLCHAIN_ARM_STD/startup_stm32f401xe.o(RESET)
 <LI><a href="#[1b]">SysTick_Handler</a> from mbed/TARGET_NUCLEO_F401RE/TOOLCHAIN_ARM_STD/startup_stm32f401xe.o(.text) referenced from mbed/TARGET_NUCLEO_F401RE/TOOLCHAIN_ARM_STD/startup_stm32f401xe.o(RESET)
 <LI><a href="#[54]">SystemInit</a> from mbed/TARGET_NUCLEO_F401RE/TOOLCHAIN_ARM_STD/system_clock.o(i.SystemInit) referenced from mbed/TARGET_NUCLEO_F401RE/TOOLCHAIN_ARM_STD/startup_stm32f401xe.o(.text)
 <LI><a href="#[1e]">TAMP_STAMP_IRQHandler</a> from mbed/TARGET_NUCLEO_F401RE/TOOLCHAIN_ARM_STD/startup_stm32f401xe.o(.text) referenced from mbed/TARGET_NUCLEO_F401RE/TOOLCHAIN_ARM_STD/startup_stm32f401xe.o(RESET)
 <LI><a href="#[30]">TIM1_BRK_TIM9_IRQHandler</a> from mbed/TARGET_NUCLEO_F401RE/TOOLCHAIN_ARM_STD/startup_stm32f401xe.o(.text) referenced from mbed/TARGET_NUCLEO_F401RE/TOOLCHAIN_ARM_STD/startup_stm32f401xe.o(RESET)
 <LI><a href="#[33]">TIM1_CC_IRQHandler</a> from mbed/TARGET_NUCLEO_F401RE/TOOLCHAIN_ARM_STD/startup_stm32f401xe.o(.text) referenced from mbed/TARGET_NUCLEO_F401RE/TOOLCHAIN_ARM_STD/startup_stm32f401xe.o(RESET)
 <LI><a href="#[32]">TIM1_TRG_COM_TIM11_IRQHandler</a> from mbed/TARGET_NUCLEO_F401RE/TOOLCHAIN_ARM_STD/startup_stm32f401xe.o(.text) referenced from mbed/TARGET_NUCLEO_F401RE/TOOLCHAIN_ARM_STD/startup_stm32f401xe.o(RESET)
 <LI><a href="#[31]">TIM1_UP_TIM10_IRQHandler</a> from mbed/TARGET_NUCLEO_F401RE/TOOLCHAIN_ARM_STD/startup_stm32f401xe.o(.text) referenced from mbed/TARGET_NUCLEO_F401RE/TOOLCHAIN_ARM_STD/startup_stm32f401xe.o(RESET)
 <LI><a href="#[34]">TIM2_IRQHandler</a> from mbed/TARGET_NUCLEO_F401RE/TOOLCHAIN_ARM_STD/startup_stm32f401xe.o(.text) referenced from mbed/TARGET_NUCLEO_F401RE/TOOLCHAIN_ARM_STD/startup_stm32f401xe.o(RESET)
 <LI><a href="#[35]">TIM3_IRQHandler</a> from mbed/TARGET_NUCLEO_F401RE/TOOLCHAIN_ARM_STD/startup_stm32f401xe.o(.text) referenced from mbed/TARGET_NUCLEO_F401RE/TOOLCHAIN_ARM_STD/startup_stm32f401xe.o(RESET)
 <LI><a href="#[36]">TIM4_IRQHandler</a> from mbed/TARGET_NUCLEO_F401RE/TOOLCHAIN_ARM_STD/startup_stm32f401xe.o(.text) referenced from mbed/TARGET_NUCLEO_F401RE/TOOLCHAIN_ARM_STD/startup_stm32f401xe.o(RESET)
 <LI><a href="#[44]">TIM5_IRQHandler</a> from mbed/TARGET_NUCLEO_F401RE/TOOLCHAIN_ARM_STD/startup_stm32f401xe.o(.text) referenced from mbed/TARGET_NUCLEO_F401RE/TOOLCHAIN_ARM_STD/startup_stm32f401xe.o(RESET)
 <LI><a href="#[5f]">UART_DMAAbortOnError</a> from mbed/TARGET_NUCLEO_F401RE/TOOLCHAIN_ARM_STD/stm32f4xx_hal_uart.o(i.UART_DMAAbortOnError) referenced from mbed/TARGET_NUCLEO_F401RE/TOOLCHAIN_ARM_STD/stm32f4xx_hal_uart.o(i.HAL_UART_IRQHandler)
 <LI><a href="#[3d]">USART1_IRQHandler</a> from mbed/TARGET_NUCLEO_F401RE/TOOLCHAIN_ARM_STD/startup_stm32f401xe.o(.text) referenced from mbed/TARGET_NUCLEO_F401RE/TOOLCHAIN_ARM_STD/startup_stm32f401xe.o(RESET)
 <LI><a href="#[3e]">USART2_IRQHandler</a> from mbed/TARGET_NUCLEO_F401RE/TOOLCHAIN_ARM_STD/startup_stm32f401xe.o(.text) referenced from mbed/TARGET_NUCLEO_F401RE/TOOLCHAIN_ARM_STD/startup_stm32f401xe.o(RESET)
 <LI><a href="#[4f]">USART6_IRQHandler</a> from mbed/TARGET_NUCLEO_F401RE/TOOLCHAIN_ARM_STD/startup_stm32f401xe.o(.text) referenced from mbed/TARGET_NUCLEO_F401RE/TOOLCHAIN_ARM_STD/startup_stm32f401xe.o(RESET)
 <LI><a href="#[17]">UsageFault_Handler</a> from mbed/TARGET_NUCLEO_F401RE/TOOLCHAIN_ARM_STD/startup_stm32f401xe.o(.text) referenced from mbed/TARGET_NUCLEO_F401RE/TOOLCHAIN_ARM_STD/startup_stm32f401xe.o(RESET)
 <LI><a href="#[1c]">WWDG_IRQHandler</a> from mbed/TARGET_NUCLEO_F401RE/TOOLCHAIN_ARM_STD/startup_stm32f401xe.o(.text) referenced from mbed/TARGET_NUCLEO_F401RE/TOOLCHAIN_ARM_STD/startup_stm32f401xe.o(RESET)
 <LI><a href="#[7e]">DirectSerial::read(void*, unsigned)</a> from mbed/TARGET_NUCLEO_F401RE/TOOLCHAIN_ARM_STD/mbed_retarget.o(i._ZN12DirectSerial4readEPvj) referenced from mbed/TARGET_NUCLEO_F401RE/TOOLCHAIN_ARM_STD/mbed_retarget.o(.constdata__ZTV12DirectSerial)
 <LI><a href="#[80]">DirectSerial::seek(long, int)</a> from mbed/TARGET_NUCLEO_F401RE/TOOLCHAIN_ARM_STD/mbed_retarget.o(i._ZN12DirectSerial4seekEli) referenced from mbed/TARGET_NUCLEO_F401RE/TOOLCHAIN_ARM_STD/mbed_retarget.o(.constdata__ZTV12DirectSerial)
 <LI><a href="#[83]">DirectSerial::size()</a> from mbed/TARGET_NUCLEO_F401RE/TOOLCHAIN_ARM_STD/mbed_retarget.o(i._ZN12DirectSerial4sizeEv) referenced from mbed/TARGET_NUCLEO_F401RE/TOOLCHAIN_ARM_STD/mbed_retarget.o(.constdata__ZTV12DirectSerial)
 <LI><a href="#[81]">DirectSerial::close()</a> from mbed/TARGET_NUCLEO_F401RE/TOOLCHAIN_ARM_STD/mbed_retarget.o(i._ZN12DirectSerial5closeEv) referenced from mbed/TARGET_NUCLEO_F401RE/TOOLCHAIN_ARM_STD/mbed_retarget.o(.constdata__ZTV12DirectSerial)
 <LI><a href="#[7f]">DirectSerial::write(const void*, unsigned)</a> from mbed/TARGET_NUCLEO_F401RE/TOOLCHAIN_ARM_STD/mbed_retarget.o(i._ZN12DirectSerial5writeEPKvj) referenced from mbed/TARGET_NUCLEO_F401RE/TOOLCHAIN_ARM_STD/mbed_retarget.o(.constdata__ZTV12DirectSerial)
 <LI><a href="#[82]">DirectSerial::isatty()</a> from mbed/TARGET_NUCLEO_F401RE/TOOLCHAIN_ARM_STD/mbed_retarget.o(i._ZN12DirectSerial6isattyEv) referenced from mbed/TARGET_NUCLEO_F401RE/TOOLCHAIN_ARM_STD/mbed_retarget.o(.constdata__ZTV12DirectSerial)
 <LI><a href="#[61]">DirectSerial::~DirectSerial()</a> from mbed/TARGET_NUCLEO_F401RE/TOOLCHAIN_ARM_STD/mbed_retarget.o(i._ZN12DirectSerialD1Ev) referenced from mbed/TARGET_NUCLEO_F401RE/TOOLCHAIN_ARM_STD/mbed_retarget.o(.constdata__ZTV12DirectSerial)
 <LI><a href="#[61]">DirectSerial::~DirectSerial()</a> from mbed/TARGET_NUCLEO_F401RE/TOOLCHAIN_ARM_STD/mbed_retarget.o(i._ZN12DirectSerialD1Ev) referenced from mbed/TARGET_NUCLEO_F401RE/TOOLCHAIN_ARM_STD/mbed_retarget.o(i._Z7get_fhci)
 <LI><a href="#[85]">HTS221Sensor::get_humidity(float*)</a> from .\build\hts221sensor.o(i._ZN12HTS221Sensor12get_humidityEPf) referenced from .\build\hts221sensor.o(.constdata__ZTV12HTS221Sensor)
 <LI><a href="#[86]">HTS221Sensor::get_temperature(float*)</a> from .\build\hts221sensor.o(i._ZN12HTS221Sensor15get_temperatureEPf) referenced from .\build\hts221sensor.o(.constdata__ZTV12HTS221Sensor)
 <LI><a href="#[84]">HTS221Sensor::init(void*)</a> from .\build\hts221sensor.o(i._ZN12HTS221Sensor4initEPv) referenced from .\build\hts221sensor.o(.constdata__ZTV12HTS221Sensor)
 <LI><a href="#[88]">LPS22HBSensor::get_pressure(float*)</a> from .\build\lps22hbsensor.o(i._ZN13LPS22HBSensor12get_pressureEPf) referenced from .\build\lps22hbsensor.o(.constdata__ZTV13LPS22HBSensor)
 <LI><a href="#[89]">LPS22HBSensor::get_temperature(float*)</a> from .\build\lps22hbsensor.o(i._ZN13LPS22HBSensor15get_temperatureEPf) referenced from .\build\lps22hbsensor.o(.constdata__ZTV13LPS22HBSensor)
 <LI><a href="#[87]">LPS22HBSensor::init(void*)</a> from .\build\lps22hbsensor.o(i._ZN13LPS22HBSensor4initEPv) referenced from .\build\lps22hbsensor.o(.constdata__ZTV13LPS22HBSensor)
 <LI><a href="#[8a]">LSM6DSLSensor::init(void*)</a> from .\build\lsm6dslsensor.o(i._ZN13LSM6DSLSensor4initEPv) referenced from .\build\lsm6dslsensor.o(.constdata__ZTV13LSM6DSLSensor)
 <LI><a href="#[8c]">LSM6DSLSensor::set_g_fs(float)</a> from .\build\lsm6dslsensor.o(i._ZN13LSM6DSLSensor8set_g_fsEf) referenced from .\build\lsm6dslsensor.o(.constdata__ZTV13LSM6DSLSensor)
 <LI><a href="#[8b]">LSM6DSLSensor::set_x_fs(float)</a> from .\build\lsm6dslsensor.o(i._ZN13LSM6DSLSensor8set_x_fsEf) referenced from .\build\lsm6dslsensor.o(.constdata__ZTV13LSM6DSLSensor)
 <LI><a href="#[8d]">LSM303AGRAccSensor::init(void*)</a> from .\build\lsm303agraccsensor.o(i._ZN18LSM303AGRAccSensor4initEPv) referenced from .\build\lsm303agraccsensor.o(.constdata__ZTV18LSM303AGRAccSensor)
 <LI><a href="#[8e]">LSM303AGRAccSensor::set_x_fs(float)</a> from .\build\lsm303agraccsensor.o(i._ZN18LSM303AGRAccSensor8set_x_fsEf) referenced from .\build\lsm303agraccsensor.o(.constdata__ZTV18LSM303AGRAccSensor)
 <LI><a href="#[8f]">LSM303AGRMagSensor::init(void*)</a> from .\build\lsm303agrmagsensor.o(i._ZN18LSM303AGRMagSensor4initEPv) referenced from .\build\lsm303agrmagsensor.o(.constdata__ZTV18LSM303AGRMagSensor)
 <LI><a href="#[93]">mbed::FileHandle::size()</a> from mbed/TARGET_NUCLEO_F401RE/TOOLCHAIN_ARM_STD/mbed.ar(FileHandle.o)(i._ZN4mbed10FileHandle4sizeEv) referenced from mbed/TARGET_NUCLEO_F401RE/TOOLCHAIN_ARM_STD/mbed.ar(FileHandle.o)(.constdata__ZTVN4mbed10FileHandleE)
 <LI><a href="#[92]">mbed::FileHandle::isatty()</a> from mbed/TARGET_NUCLEO_F401RE/TOOLCHAIN_ARM_STD/mbed.ar(FileHandle.o)(i._ZN4mbed10FileHandle6isattyEv) referenced from mbed/TARGET_NUCLEO_F401RE/TOOLCHAIN_ARM_STD/mbed.ar(FileHandle.o)(.constdata__ZTVN4mbed10FileHandleE)
 <LI><a href="#[64]">mbed::SerialBase::_irq_handler(unsigned, SerialIrq)</a> from mbed/TARGET_NUCLEO_F401RE/TOOLCHAIN_ARM_STD/mbed.ar(SerialBase.o)(i._ZN4mbed10SerialBase12_irq_handlerEj9SerialIrq) referenced from mbed/TARGET_NUCLEO_F401RE/TOOLCHAIN_ARM_STD/mbed.ar(SerialBase.o)(i._ZN4mbed10SerialBaseC1E7PinNameS1_i)
 <LI><a href="#[74]">mbed::SerialBase::interrupt_handler_asynch()</a> from mbed/TARGET_NUCLEO_F401RE/TOOLCHAIN_ARM_STD/mbed.ar(SerialBase.o)(i._ZN4mbed10SerialBase24interrupt_handler_asynchEv) referenced from mbed/TARGET_NUCLEO_F401RE/TOOLCHAIN_ARM_STD/mbed.ar(SerialBase.o)(.constdata)
 <LI><a href="#[94]">mbed::SerialBase::lock()</a> from mbed/TARGET_NUCLEO_F401RE/TOOLCHAIN_ARM_STD/mbed.ar(SerialBase.o)(i._ZN4mbed10SerialBase4lockEv) referenced from mbed/TARGET_NUCLEO_F401RE/TOOLCHAIN_ARM_STD/mbed.ar(SerialBase.o)(.constdata__ZTVN4mbed10SerialBaseE)
 <LI><a href="#[95]">mbed::SerialBase::unlock()</a> from mbed/TARGET_NUCLEO_F401RE/TOOLCHAIN_ARM_STD/mbed.ar(SerialBase.o)(i._ZN4mbed10SerialBase6unlockEv) referenced from mbed/TARGET_NUCLEO_F401RE/TOOLCHAIN_ARM_STD/mbed.ar(SerialBase.o)(.constdata__ZTVN4mbed10SerialBaseE)
 <LI><a href="#[96]">mbed::SerialBase::~SerialBase()</a> from mbed/TARGET_NUCLEO_F401RE/TOOLCHAIN_ARM_STD/mbed.ar(SerialBase.o)(i._ZN4mbed10SerialBaseD1Ev) referenced from mbed/TARGET_NUCLEO_F401RE/TOOLCHAIN_ARM_STD/mbed.ar(SerialBase.o)(.constdata__ZTVN4mbed10SerialBaseE)
 <LI><a href="#[66]">mbed::InterruptIn::_irq_handler(unsigned, gpio_irq_event)</a> from mbed/TARGET_NUCLEO_F401RE/TOOLCHAIN_ARM_STD/mbed.ar(InterruptIn.o)(i._ZN4mbed11InterruptIn12_irq_handlerEj14gpio_irq_event) referenced from mbed/TARGET_NUCLEO_F401RE/TOOLCHAIN_ARM_STD/mbed.ar(InterruptIn.o)(i._ZN4mbed11InterruptInC1E7PinName)
 <LI><a href="#[75]">mbed::I2C::irq_handler_asynch()</a> from mbed/TARGET_NUCLEO_F401RE/TOOLCHAIN_ARM_STD/mbed.ar(I2C.o)(i._ZN4mbed3I2C18irq_handler_asynchEv) referenced from mbed/TARGET_NUCLEO_F401RE/TOOLCHAIN_ARM_STD/mbed.ar(I2C.o)(.constdata)
 <LI><a href="#[90]">mbed::I2C::lock()</a> from mbed/TARGET_NUCLEO_F401RE/TOOLCHAIN_ARM_STD/mbed.ar(I2C.o)(i._ZN4mbed3I2C4lockEv) referenced from .\build\xnucleoiks01a2.o(.constdata__ZTV6DevI2C)
 <LI><a href="#[90]">mbed::I2C::lock()</a> from mbed/TARGET_NUCLEO_F401RE/TOOLCHAIN_ARM_STD/mbed.ar(I2C.o)(i._ZN4mbed3I2C4lockEv) referenced from mbed/TARGET_NUCLEO_F401RE/TOOLCHAIN_ARM_STD/mbed.ar(I2C.o)(.constdata__ZTVN4mbed3I2CE)
 <LI><a href="#[91]">mbed::I2C::unlock()</a> from mbed/TARGET_NUCLEO_F401RE/TOOLCHAIN_ARM_STD/mbed.ar(I2C.o)(i._ZN4mbed3I2C6unlockEv) referenced from .\build\xnucleoiks01a2.o(.constdata__ZTV6DevI2C)
 <LI><a href="#[91]">mbed::I2C::unlock()</a> from mbed/TARGET_NUCLEO_F401RE/TOOLCHAIN_ARM_STD/mbed.ar(I2C.o)(i._ZN4mbed3I2C6unlockEv) referenced from mbed/TARGET_NUCLEO_F401RE/TOOLCHAIN_ARM_STD/mbed.ar(I2C.o)(.constdata__ZTVN4mbed3I2CE)
 <LI><a href="#[69]">mbed::Timer::~Timer()</a> from mbed/TARGET_NUCLEO_F401RE/TOOLCHAIN_ARM_STD/mbed.ar(Timer.o)(i._ZN4mbed5TimerD1Ev) referenced from .\build\main.o(i.__sti___8_main_cpp_pc1)
 <LI><a href="#[97]">mbed::Serial::lock()</a> from mbed/TARGET_NUCLEO_F401RE/TOOLCHAIN_ARM_STD/mbed.ar(Serial.o)(i._ZN4mbed6Serial4lockEv) referenced from mbed/TARGET_NUCLEO_F401RE/TOOLCHAIN_ARM_STD/mbed.ar(Serial.o)(.constdata__ZTVN4mbed6SerialE)
 <LI><a href="#[98]">mbed::Serial::unlock()</a> from mbed/TARGET_NUCLEO_F401RE/TOOLCHAIN_ARM_STD/mbed.ar(Serial.o)(i._ZN4mbed6Serial6unlockEv) referenced from mbed/TARGET_NUCLEO_F401RE/TOOLCHAIN_ARM_STD/mbed.ar(Serial.o)(.constdata__ZTVN4mbed6SerialE)
 <LI><a href="#[68]">mbed::Serial::~Serial()</a> from mbed/TARGET_NUCLEO_F401RE/TOOLCHAIN_ARM_STD/mbed.ar(Serial.o)(i._ZN4mbed6SerialD1Ev) referenced from mbed/TARGET_NUCLEO_F401RE/TOOLCHAIN_ARM_STD/mbed.ar(Serial.o)(.constdata__ZTVN4mbed6SerialE)
 <LI><a href="#[68]">mbed::Serial::~Serial()</a> from mbed/TARGET_NUCLEO_F401RE/TOOLCHAIN_ARM_STD/mbed.ar(Serial.o)(i._ZN4mbed6SerialD1Ev) referenced from .\build\main.o(i.__sti___8_main_cpp_pc1)
 <LI><a href="#[a4]">mbed::Stream::lock()</a> from mbed/TARGET_NUCLEO_F401RE/TOOLCHAIN_ARM_STD/mbed.ar(Stream.o)(i._ZN4mbed6Stream4lockEv) referenced from mbed/TARGET_NUCLEO_F401RE/TOOLCHAIN_ARM_STD/mbed.ar(Stream.o)(.constdata__ZTVN4mbed6StreamE)
 <LI><a href="#[99]">mbed::Stream::read(void*, unsigned)</a> from mbed/TARGET_NUCLEO_F401RE/TOOLCHAIN_ARM_STD/mbed.ar(Stream.o)(i._ZN4mbed6Stream4readEPvj) referenced from mbed/TARGET_NUCLEO_F401RE/TOOLCHAIN_ARM_STD/mbed.ar(Serial.o)(.constdata__ZTVN4mbed6SerialE)
 <LI><a href="#[99]">mbed::Stream::read(void*, unsigned)</a> from mbed/TARGET_NUCLEO_F401RE/TOOLCHAIN_ARM_STD/mbed.ar(Stream.o)(i._ZN4mbed6Stream4readEPvj) referenced from mbed/TARGET_NUCLEO_F401RE/TOOLCHAIN_ARM_STD/mbed.ar(Stream.o)(.constdata__ZTVN4mbed6StreamE)
 <LI><a href="#[9b]">mbed::Stream::seek(long, int)</a> from mbed/TARGET_NUCLEO_F401RE/TOOLCHAIN_ARM_STD/mbed.ar(Stream.o)(i._ZN4mbed6Stream4seekEli) referenced from mbed/TARGET_NUCLEO_F401RE/TOOLCHAIN_ARM_STD/mbed.ar(Serial.o)(.constdata__ZTVN4mbed6SerialE)
 <LI><a href="#[9b]">mbed::Stream::seek(long, int)</a> from mbed/TARGET_NUCLEO_F401RE/TOOLCHAIN_ARM_STD/mbed.ar(Stream.o)(i._ZN4mbed6Stream4seekEli) referenced from mbed/TARGET_NUCLEO_F401RE/TOOLCHAIN_ARM_STD/mbed.ar(Stream.o)(.constdata__ZTVN4mbed6StreamE)
 <LI><a href="#[9e]">mbed::Stream::size()</a> from mbed/TARGET_NUCLEO_F401RE/TOOLCHAIN_ARM_STD/mbed.ar(Stream.o)(i._ZN4mbed6Stream4sizeEv) referenced from mbed/TARGET_NUCLEO_F401RE/TOOLCHAIN_ARM_STD/mbed.ar(Serial.o)(.constdata__ZTVN4mbed6SerialE)
 <LI><a href="#[9e]">mbed::Stream::size()</a> from mbed/TARGET_NUCLEO_F401RE/TOOLCHAIN_ARM_STD/mbed.ar(Stream.o)(i._ZN4mbed6Stream4sizeEv) referenced from mbed/TARGET_NUCLEO_F401RE/TOOLCHAIN_ARM_STD/mbed.ar(Stream.o)(.constdata__ZTVN4mbed6StreamE)
 <LI><a href="#[9c]">mbed::Stream::close()</a> from mbed/TARGET_NUCLEO_F401RE/TOOLCHAIN_ARM_STD/mbed.ar(Stream.o)(i._ZN4mbed6Stream5closeEv) referenced from mbed/TARGET_NUCLEO_F401RE/TOOLCHAIN_ARM_STD/mbed.ar(Serial.o)(.constdata__ZTVN4mbed6SerialE)
 <LI><a href="#[9c]">mbed::Stream::close()</a> from mbed/TARGET_NUCLEO_F401RE/TOOLCHAIN_ARM_STD/mbed.ar(Stream.o)(i._ZN4mbed6Stream5closeEv) referenced from mbed/TARGET_NUCLEO_F401RE/TOOLCHAIN_ARM_STD/mbed.ar(Stream.o)(.constdata__ZTVN4mbed6StreamE)
 <LI><a href="#[9a]">mbed::Stream::write(const void*, unsigned)</a> from mbed/TARGET_NUCLEO_F401RE/TOOLCHAIN_ARM_STD/mbed.ar(Stream.o)(i._ZN4mbed6Stream5writeEPKvj) referenced from mbed/TARGET_NUCLEO_F401RE/TOOLCHAIN_ARM_STD/mbed.ar(Serial.o)(.constdata__ZTVN4mbed6SerialE)
 <LI><a href="#[9a]">mbed::Stream::write(const void*, unsigned)</a> from mbed/TARGET_NUCLEO_F401RE/TOOLCHAIN_ARM_STD/mbed.ar(Stream.o)(i._ZN4mbed6Stream5writeEPKvj) referenced from mbed/TARGET_NUCLEO_F401RE/TOOLCHAIN_ARM_STD/mbed.ar(Stream.o)(.constdata__ZTVN4mbed6StreamE)
 <LI><a href="#[9d]">mbed::Stream::isatty()</a> from mbed/TARGET_NUCLEO_F401RE/TOOLCHAIN_ARM_STD/mbed.ar(Stream.o)(i._ZN4mbed6Stream6isattyEv) referenced from mbed/TARGET_NUCLEO_F401RE/TOOLCHAIN_ARM_STD/mbed.ar(Serial.o)(.constdata__ZTVN4mbed6SerialE)
 <LI><a href="#[9d]">mbed::Stream::isatty()</a> from mbed/TARGET_NUCLEO_F401RE/TOOLCHAIN_ARM_STD/mbed.ar(Stream.o)(i._ZN4mbed6Stream6isattyEv) referenced from mbed/TARGET_NUCLEO_F401RE/TOOLCHAIN_ARM_STD/mbed.ar(Stream.o)(.constdata__ZTVN4mbed6StreamE)
 <LI><a href="#[a5]">mbed::Stream::unlock()</a> from mbed/TARGET_NUCLEO_F401RE/TOOLCHAIN_ARM_STD/mbed.ar(Stream.o)(i._ZN4mbed6Stream6unlockEv) referenced from mbed/TARGET_NUCLEO_F401RE/TOOLCHAIN_ARM_STD/mbed.ar(Stream.o)(.constdata__ZTVN4mbed6StreamE)
 <LI><a href="#[a3]">mbed::Stream::~Stream__sub_object()</a> from mbed/TARGET_NUCLEO_F401RE/TOOLCHAIN_ARM_STD/mbed.ar(Stream.o)(i._ZN4mbed6StreamD2Ev) referenced from mbed/TARGET_NUCLEO_F401RE/TOOLCHAIN_ARM_STD/mbed.ar(Stream.o)(.constdata__ZTVN4mbed6StreamE)
 <LI><a href="#[65]">mbed::Callback&lang;void()&rang;::~Callback()</a> from mbed/TARGET_NUCLEO_F401RE/TOOLCHAIN_ARM_STD/mbed.ar(SerialBase.o)(t._ZN4mbed8CallbackIFvvEED1Ev) referenced from mbed/TARGET_NUCLEO_F401RE/TOOLCHAIN_ARM_STD/mbed.ar(SerialBase.o)(i._ZN4mbed10SerialBaseD1Ev)
 <LI><a href="#[a6]">mbed::FileBase::~FileBase()</a> from mbed/TARGET_NUCLEO_F401RE/TOOLCHAIN_ARM_STD/mbed.ar(FileBase.o)(i._ZN4mbed8FileBaseD1Ev) referenced from mbed/TARGET_NUCLEO_F401RE/TOOLCHAIN_ARM_STD/mbed.ar(FileBase.o)(.constdata__ZTVN4mbed8FileBaseE)
 <LI><a href="#[62]">CThunk&lang;mbed::SerialBase&rang;::trampoline(mbed::SerialBase*, void*, void(mbed::SerialBase::**)(void*))</a> from mbed/TARGET_NUCLEO_F401RE/TOOLCHAIN_ARM_STD/mbed.ar(SerialBase.o)(t._ZN6CThunkIN4mbed10SerialBaseEE10trampolineEPS1_PvPMS1_FvS4_E) referenced from mbed/TARGET_NUCLEO_F401RE/TOOLCHAIN_ARM_STD/mbed.ar(SerialBase.o)(i._ZN4mbed10SerialBaseC1E7PinNameS1_i)
 <LI><a href="#[67]">CThunk&lang;mbed::I2C&rang;::trampoline(mbed::I2C*, void*, void(mbed::I2C::**)(void*))</a> from mbed/TARGET_NUCLEO_F401RE/TOOLCHAIN_ARM_STD/mbed.ar(I2C.o)(t._ZN6CThunkIN4mbed3I2CEE10trampolineEPS1_PvPMS1_FvS4_E) referenced from mbed/TARGET_NUCLEO_F401RE/TOOLCHAIN_ARM_STD/mbed.ar(I2C.o)(i._ZN4mbed3I2CC1E7PinNameS1_)
 <LI><a href="#[a1]">thunk{-188} to mbed::Serial::lock()</a> from mbed/TARGET_NUCLEO_F401RE/TOOLCHAIN_ARM_STD/mbed.ar(Serial.o)(i._ZThn188_N4mbed6Serial4lockEv) referenced from mbed/TARGET_NUCLEO_F401RE/TOOLCHAIN_ARM_STD/mbed.ar(Serial.o)(.constdata__ZTVN4mbed6SerialE)
 <LI><a href="#[a0]">thunk{-188} to mbed::Serial::_getc()</a> from mbed/TARGET_NUCLEO_F401RE/TOOLCHAIN_ARM_STD/mbed.ar(Serial.o)(i._ZThn188_N4mbed6Serial5_getcEv) referenced from mbed/TARGET_NUCLEO_F401RE/TOOLCHAIN_ARM_STD/mbed.ar(Serial.o)(.constdata__ZTVN4mbed6SerialE)
 <LI><a href="#[9f]">thunk{-188} to mbed::Serial::_putc(int)</a> from mbed/TARGET_NUCLEO_F401RE/TOOLCHAIN_ARM_STD/mbed.ar(Serial.o)(i._ZThn188_N4mbed6Serial5_putcEi) referenced from mbed/TARGET_NUCLEO_F401RE/TOOLCHAIN_ARM_STD/mbed.ar(Serial.o)(.constdata__ZTVN4mbed6SerialE)
 <LI><a href="#[a2]">thunk{-188} to mbed::Serial::unlock()</a> from mbed/TARGET_NUCLEO_F401RE/TOOLCHAIN_ARM_STD/mbed.ar(Serial.o)(i._ZThn188_N4mbed6Serial6unlockEv) referenced from mbed/TARGET_NUCLEO_F401RE/TOOLCHAIN_ARM_STD/mbed.ar(Serial.o)(.constdata__ZTVN4mbed6SerialE)
 <LI><a href="#[7d]">__cxa_pure_virtual</a> from C:\Keil_v5\ARM\ARMCC\Bin\..\lib\cpplib\cpprt_w.l(pure_virt.o)(i.__cxa_pure_virtual) referenced 9 times from .\build\lsm6dslsensor.o(.constdata__ZTV10GyroSensor)
 <LI><a href="#[7d]">__cxa_pure_virtual</a> from C:\Keil_v5\ARM\ARMCC\Bin\..\lib\cpplib\cpprt_w.l(pure_virt.o)(i.__cxa_pure_virtual) referenced 3 times from .\build\hts221sensor.o(.constdata__ZTV10TempSensor)
 <LI><a href="#[7d]">__cxa_pure_virtual</a> from C:\Keil_v5\ARM\ARMCC\Bin\..\lib\cpplib\cpprt_w.l(pure_virt.o)(i.__cxa_pure_virtual) referenced 9 times from .\build\lsm303agraccsensor.o(.constdata__ZTV12MotionSensor)
 <LI><a href="#[7d]">__cxa_pure_virtual</a> from C:\Keil_v5\ARM\ARMCC\Bin\..\lib\cpplib\cpprt_w.l(pure_virt.o)(i.__cxa_pure_virtual) referenced 3 times from .\build\hts221sensor.o(.constdata__ZTV14HumiditySensor)
 <LI><a href="#[7d]">__cxa_pure_virtual</a> from C:\Keil_v5\ARM\ARMCC\Bin\..\lib\cpplib\cpprt_w.l(pure_virt.o)(i.__cxa_pure_virtual) referenced 4 times from .\build\lsm303agrmagsensor.o(.constdata__ZTV14MagneticSensor)
 <LI><a href="#[7d]">__cxa_pure_virtual</a> from C:\Keil_v5\ARM\ARMCC\Bin\..\lib\cpplib\cpprt_w.l(pure_virt.o)(i.__cxa_pure_virtual) referenced 3 times from .\build\lps22hbsensor.o(.constdata__ZTV14PressureSensor)
 <LI><a href="#[7d]">__cxa_pure_virtual</a> from C:\Keil_v5\ARM\ARMCC\Bin\..\lib\cpplib\cpprt_w.l(pure_virt.o)(i.__cxa_pure_virtual) referenced 2 times from .\build\hts221sensor.o(.constdata__ZTV9Component)
 <LI><a href="#[7d]">__cxa_pure_virtual</a> from C:\Keil_v5\ARM\ARMCC\Bin\..\lib\cpplib\cpprt_w.l(pure_virt.o)(i.__cxa_pure_virtual) referenced 4 times from mbed/TARGET_NUCLEO_F401RE/TOOLCHAIN_ARM_STD/mbed.ar(FileHandle.o)(.constdata__ZTVN4mbed10FileHandleE)
 <LI><a href="#[7d]">__cxa_pure_virtual</a> from C:\Keil_v5\ARM\ARMCC\Bin\..\lib\cpplib\cpprt_w.l(pure_virt.o)(i.__cxa_pure_virtual) referenced 2 times from mbed/TARGET_NUCLEO_F401RE/TOOLCHAIN_ARM_STD/mbed.ar(Stream.o)(.constdata__ZTVN4mbed6StreamE)
 <LI><a href="#[a8]">__main</a> from C:\Keil_v5\ARM\ARMCC\Bin\..\lib\armlib\c_w.l(__main.o)(!!!main) referenced from mbed/TARGET_NUCLEO_F401RE/TOOLCHAIN_ARM_STD/startup_stm32f401xe.o(.text)
 <LI><a href="#[a7]">__sti___8_main_cpp_pc1</a> from .\build\main.o(i.__sti___8_main_cpp_pc1) referenced from .\build\main.o(.init_array)
 <LI><a href="#[5a]">_get_lc_ctype</a> from C:\Keil_v5\ARM\ARMCC\Bin\..\lib\armlib\c_w.l(lc_ctype_c.o)(locale$$code) referenced from C:\Keil_v5\ARM\ARMCC\Bin\..\lib\armlib\c_w.l(rt_ctype_table.o)(.text)
 <LI><a href="#[58]">_printf_input_char</a> from C:\Keil_v5\ARM\ARMCC\Bin\..\lib\armlib\c_w.l(_printf_char_common.o)(.text) referenced from C:\Keil_v5\ARM\ARMCC\Bin\..\lib\armlib\c_w.l(_printf_char_common.o)(.text)
 <LI><a href="#[56]">_snputc</a> from C:\Keil_v5\ARM\ARMCC\Bin\..\lib\armlib\c_w.l(_snputc.o)(.text) referenced from C:\Keil_v5\ARM\ARMCC\Bin\..\lib\armlib\c_w.l(vsnprintf.o)(.text)
 <LI><a href="#[57]">_sputc</a> from C:\Keil_v5\ARM\ARMCC\Bin\..\lib\armlib\c_w.l(_sputc.o)(.text) referenced from C:\Keil_v5\ARM\ARMCC\Bin\..\lib\armlib\c_w.l(__2sprintf.o)(.text)
 <LI><a href="#[59]">fputc</a> from C:\Keil_v5\ARM\ARMCC\Bin\..\lib\armlib\c_w.l(fputc.o)(i.fputc) referenced from C:\Keil_v5\ARM\ARMCC\Bin\..\lib\armlib\c_w.l(_printf_char_file.o)(.text)
 <LI><a href="#[6a]">gpio_irq0</a> from mbed/TARGET_NUCLEO_F401RE/TOOLCHAIN_ARM_STD/gpio_irq_api.o(i.gpio_irq0) referenced from mbed/TARGET_NUCLEO_F401RE/TOOLCHAIN_ARM_STD/gpio_irq_api.o(i.gpio_irq_init)
 <LI><a href="#[6b]">gpio_irq1</a> from mbed/TARGET_NUCLEO_F401RE/TOOLCHAIN_ARM_STD/gpio_irq_api.o(i.gpio_irq1) referenced from mbed/TARGET_NUCLEO_F401RE/TOOLCHAIN_ARM_STD/gpio_irq_api.o(i.gpio_irq_init)
 <LI><a href="#[6c]">gpio_irq2</a> from mbed/TARGET_NUCLEO_F401RE/TOOLCHAIN_ARM_STD/gpio_irq_api.o(i.gpio_irq2) referenced from mbed/TARGET_NUCLEO_F401RE/TOOLCHAIN_ARM_STD/gpio_irq_api.o(i.gpio_irq_init)
 <LI><a href="#[6d]">gpio_irq3</a> from mbed/TARGET_NUCLEO_F401RE/TOOLCHAIN_ARM_STD/gpio_irq_api.o(i.gpio_irq3) referenced from mbed/TARGET_NUCLEO_F401RE/TOOLCHAIN_ARM_STD/gpio_irq_api.o(i.gpio_irq_init)
 <LI><a href="#[6e]">gpio_irq4</a> from mbed/TARGET_NUCLEO_F401RE/TOOLCHAIN_ARM_STD/gpio_irq_api.o(i.gpio_irq4) referenced from mbed/TARGET_NUCLEO_F401RE/TOOLCHAIN_ARM_STD/gpio_irq_api.o(i.gpio_irq_init)
 <LI><a href="#[6f]">gpio_irq5</a> from mbed/TARGET_NUCLEO_F401RE/TOOLCHAIN_ARM_STD/gpio_irq_api.o(i.gpio_irq5) referenced from mbed/TARGET_NUCLEO_F401RE/TOOLCHAIN_ARM_STD/gpio_irq_api.o(i.gpio_irq_init)
 <LI><a href="#[70]">gpio_irq6</a> from mbed/TARGET_NUCLEO_F401RE/TOOLCHAIN_ARM_STD/gpio_irq_api.o(i.gpio_irq6) referenced from mbed/TARGET_NUCLEO_F401RE/TOOLCHAIN_ARM_STD/gpio_irq_api.o(i.gpio_irq_init)
 <LI><a href="#[5b]">i2c1_irq</a> from mbed/TARGET_NUCLEO_F401RE/TOOLCHAIN_ARM_STD/i2c_api.o(i.i2c1_irq) referenced from mbed/TARGET_NUCLEO_F401RE/TOOLCHAIN_ARM_STD/i2c_api.o(i.HAL_I2C_ErrorCallback)
 <LI><a href="#[5b]">i2c1_irq</a> from mbed/TARGET_NUCLEO_F401RE/TOOLCHAIN_ARM_STD/i2c_api.o(i.i2c1_irq) referenced from mbed/TARGET_NUCLEO_F401RE/TOOLCHAIN_ARM_STD/i2c_api.o(i.i2c_read)
 <LI><a href="#[5b]">i2c1_irq</a> from mbed/TARGET_NUCLEO_F401RE/TOOLCHAIN_ARM_STD/i2c_api.o(i.i2c1_irq) referenced from mbed/TARGET_NUCLEO_F401RE/TOOLCHAIN_ARM_STD/i2c_api.o(i.i2c_write)
 <LI><a href="#[5c]">i2c2_irq</a> from mbed/TARGET_NUCLEO_F401RE/TOOLCHAIN_ARM_STD/i2c_api.o(i.i2c2_irq) referenced from mbed/TARGET_NUCLEO_F401RE/TOOLCHAIN_ARM_STD/i2c_api.o(i.HAL_I2C_ErrorCallback)
 <LI><a href="#[5c]">i2c2_irq</a> from mbed/TARGET_NUCLEO_F401RE/TOOLCHAIN_ARM_STD/i2c_api.o(i.i2c2_irq) referenced from mbed/TARGET_NUCLEO_F401RE/TOOLCHAIN_ARM_STD/i2c_api.o(i.i2c_read)
 <LI><a href="#[5c]">i2c2_irq</a> from mbed/TARGET_NUCLEO_F401RE/TOOLCHAIN_ARM_STD/i2c_api.o(i.i2c2_irq) referenced from mbed/TARGET_NUCLEO_F401RE/TOOLCHAIN_ARM_STD/i2c_api.o(i.i2c_write)
 <LI><a href="#[5d]">i2c3_irq</a> from mbed/TARGET_NUCLEO_F401RE/TOOLCHAIN_ARM_STD/i2c_api.o(i.i2c3_irq) referenced from mbed/TARGET_NUCLEO_F401RE/TOOLCHAIN_ARM_STD/i2c_api.o(i.HAL_I2C_ErrorCallback)
 <LI><a href="#[5d]">i2c3_irq</a> from mbed/TARGET_NUCLEO_F401RE/TOOLCHAIN_ARM_STD/i2c_api.o(i.i2c3_irq) referenced from mbed/TARGET_NUCLEO_F401RE/TOOLCHAIN_ARM_STD/i2c_api.o(i.i2c_read)
 <LI><a href="#[5d]">i2c3_irq</a> from mbed/TARGET_NUCLEO_F401RE/TOOLCHAIN_ARM_STD/i2c_api.o(i.i2c3_irq) referenced from mbed/TARGET_NUCLEO_F401RE/TOOLCHAIN_ARM_STD/i2c_api.o(i.i2c_write)
 <LI><a href="#[11]">ticker_irq_handler</a> from mbed/TARGET_NUCLEO_F401RE/TOOLCHAIN_ARM_STD/mbed.ar(mbed_ticker_api.o)(i.ticker_irq_handler) referenced 2 times from mbed/TARGET_NUCLEO_F401RE/TOOLCHAIN_ARM_STD/mbed.ar(mbed_us_ticker_api.o)(.data)
 <LI><a href="#[5e]">timer_irq_handler</a> from mbed/TARGET_NUCLEO_F401RE/TOOLCHAIN_ARM_STD/hal_tick_32b.o(i.timer_irq_handler) referenced from mbed/TARGET_NUCLEO_F401RE/TOOLCHAIN_ARM_STD/hal_tick_32b.o(i.HAL_InitTick)
 <LI><a href="#[72]">uart1_irq</a> from mbed/TARGET_NUCLEO_F401RE/TOOLCHAIN_ARM_STD/serial_device.o(i.uart1_irq) referenced from mbed/TARGET_NUCLEO_F401RE/TOOLCHAIN_ARM_STD/serial_device.o(i.serial_irq_set)
 <LI><a href="#[71]">uart2_irq</a> from mbed/TARGET_NUCLEO_F401RE/TOOLCHAIN_ARM_STD/serial_device.o(i.uart2_irq) referenced from mbed/TARGET_NUCLEO_F401RE/TOOLCHAIN_ARM_STD/serial_device.o(i.serial_irq_set)
 <LI><a href="#[73]">uart6_irq</a> from mbed/TARGET_NUCLEO_F401RE/TOOLCHAIN_ARM_STD/serial_device.o(i.uart6_irq) referenced from mbed/TARGET_NUCLEO_F401RE/TOOLCHAIN_ARM_STD/serial_device.o(i.serial_irq_set)
 <LI><a href="#[79]">us_ticker_clear_interrupt</a> from mbed/TARGET_NUCLEO_F401RE/TOOLCHAIN_ARM_STD/us_ticker.o(i.us_ticker_clear_interrupt) referenced from mbed/TARGET_NUCLEO_F401RE/TOOLCHAIN_ARM_STD/mbed.ar(mbed_us_ticker_api.o)(.constdata)
 <LI><a href="#[78]">us_ticker_disable_interrupt</a> from mbed/TARGET_NUCLEO_F401RE/TOOLCHAIN_ARM_STD/us_ticker.o(i.us_ticker_disable_interrupt) referenced from mbed/TARGET_NUCLEO_F401RE/TOOLCHAIN_ARM_STD/mbed.ar(mbed_us_ticker_api.o)(.constdata)
 <LI><a href="#[7b]">us_ticker_fire_interrupt</a> from mbed/TARGET_NUCLEO_F401RE/TOOLCHAIN_ARM_STD/us_ticker.o(i.us_ticker_fire_interrupt) referenced from mbed/TARGET_NUCLEO_F401RE/TOOLCHAIN_ARM_STD/mbed.ar(mbed_us_ticker_api.o)(.constdata)
 <LI><a href="#[7c]">us_ticker_get_info</a> from mbed/TARGET_NUCLEO_F401RE/TOOLCHAIN_ARM_STD/us_ticker.o(i.us_ticker_get_info) referenced from mbed/TARGET_NUCLEO_F401RE/TOOLCHAIN_ARM_STD/mbed.ar(mbed_us_ticker_api.o)(.constdata)
 <LI><a href="#[76]">us_ticker_init</a> from mbed/TARGET_NUCLEO_F401RE/TOOLCHAIN_ARM_STD/us_ticker.o(i.us_ticker_init) referenced from mbed/TARGET_NUCLEO_F401RE/TOOLCHAIN_ARM_STD/mbed.ar(mbed_us_ticker_api.o)(.constdata)
 <LI><a href="#[77]">us_ticker_read</a> from mbed/TARGET_NUCLEO_F401RE/TOOLCHAIN_ARM_STD/us_ticker.o(i.us_ticker_read) referenced from mbed/TARGET_NUCLEO_F401RE/TOOLCHAIN_ARM_STD/mbed.ar(mbed_us_ticker_api.o)(.constdata)
 <LI><a href="#[7a]">us_ticker_set_interrupt</a> from mbed/TARGET_NUCLEO_F401RE/TOOLCHAIN_ARM_STD/us_ticker.o(i.us_ticker_set_interrupt) referenced from mbed/TARGET_NUCLEO_F401RE/TOOLCHAIN_ARM_STD/mbed.ar(mbed_us_ticker_api.o)(.constdata)
</UL>
<P>
<H3>
Global Symbols
</H3>
<P><STRONG><a name="[a8]"></a>__main</STRONG> (Thumb, 8 bytes, Stack size 0 bytes, C:\Keil_v5\ARM\ARMCC\Bin\..\lib\armlib\c_w.l(__main.o)(!!!main))
<BR><BR>[Calls]<UL><LI><a href="#[ab]">&gt;&gt;</a>&nbsp;&nbsp;&nbsp;__rt_entry
<LI><a href="#[aa]">&gt;&gt;</a>&nbsp;&nbsp;&nbsp;__scatterload
</UL>

<P><STRONG><a name="[aa]"></a>__scatterload</STRONG> (Thumb, 0 bytes, Stack size unknown bytes, C:\Keil_v5\ARM\ARMCC\Bin\..\lib\armlib\c_w.l(__scatter.o)(!!!scatter))
<BR><BR>[Called By]<UL><LI><a href="#[a8]">&gt;&gt;</a>&nbsp;&nbsp;&nbsp;__main
</UL>

<P><STRONG><a name="[ac]"></a>__scatterload_rt2</STRONG> (Thumb, 44 bytes, Stack size unknown bytes, C:\Keil_v5\ARM\ARMCC\Bin\..\lib\armlib\c_w.l(__scatter.o)(!!!scatter), UNUSED)
<BR><BR>[Calls]<UL><LI><a href="#[ab]">&gt;&gt;</a>&nbsp;&nbsp;&nbsp;__rt_entry
</UL>

<P><STRONG><a name="[239]"></a>__scatterload_rt2_thumb_only</STRONG> (Thumb, 0 bytes, Stack size unknown bytes, C:\Keil_v5\ARM\ARMCC\Bin\..\lib\armlib\c_w.l(__scatter.o)(!!!scatter), UNUSED)

<P><STRONG><a name="[23a]"></a>__scatterload_null</STRONG> (Thumb, 0 bytes, Stack size unknown bytes, C:\Keil_v5\ARM\ARMCC\Bin\..\lib\armlib\c_w.l(__scatter.o)(!!!scatter), UNUSED)

<P><STRONG><a name="[23b]"></a>__decompress</STRONG> (Thumb, 90 bytes, Stack size unknown bytes, C:\Keil_v5\ARM\ARMCC\Bin\..\lib\armlib\c_w.l(__dczerorl2.o)(!!dczerorl2), UNUSED)

<P><STRONG><a name="[23c]"></a>__decompress1</STRONG> (Thumb, 0 bytes, Stack size unknown bytes, C:\Keil_v5\ARM\ARMCC\Bin\..\lib\armlib\c_w.l(__dczerorl2.o)(!!dczerorl2), UNUSED)

<P><STRONG><a name="[23d]"></a>__scatterload_zeroinit</STRONG> (Thumb, 28 bytes, Stack size unknown bytes, C:\Keil_v5\ARM\ARMCC\Bin\..\lib\armlib\c_w.l(__scatter_zi.o)(!!handler_zi), UNUSED)

<P><STRONG><a name="[ad]"></a>_printf_n</STRONG> (Thumb, 0 bytes, Stack size unknown bytes, C:\Keil_v5\ARM\ARMCC\Bin\..\lib\armlib\c_w.l(_printf_n.o)(.ARM.Collect$$_printf_percent$$00000001))
<BR><BR>[Calls]<UL><LI><a href="#[ae]">&gt;&gt;</a>&nbsp;&nbsp;&nbsp;_printf_charcount
</UL>

<P><STRONG><a name="[f8]"></a>_printf_percent</STRONG> (Thumb, 0 bytes, Stack size unknown bytes, C:\Keil_v5\ARM\ARMCC\Bin\..\lib\armlib\c_w.l(_printf_percent.o)(.ARM.Collect$$_printf_percent$$00000000))
<BR><BR>[Called By]<UL><LI><a href="#[f6]">&gt;&gt;</a>&nbsp;&nbsp;&nbsp;__printf
</UL>

<P><STRONG><a name="[af]"></a>_printf_p</STRONG> (Thumb, 0 bytes, Stack size unknown bytes, C:\Keil_v5\ARM\ARMCC\Bin\..\lib\armlib\c_w.l(_printf_p.o)(.ARM.Collect$$_printf_percent$$00000002))
<BR><BR>[Stack]<UL><LI>Max Depth = 64 + Unknown Stack Size
<LI>Call Chain = _printf_p &rArr; _printf_hex_ptr &rArr; _printf_longlong_hex &rArr; _printf_int_common &rArr; _printf_post_padding
</UL>
<BR>[Calls]<UL><LI><a href="#[b0]">&gt;&gt;</a>&nbsp;&nbsp;&nbsp;_printf_hex_ptr
</UL>

<P><STRONG><a name="[b1]"></a>_printf_f</STRONG> (Thumb, 0 bytes, Stack size unknown bytes, C:\Keil_v5\ARM\ARMCC\Bin\..\lib\armlib\c_w.l(_printf_f.o)(.ARM.Collect$$_printf_percent$$00000003))
<BR><BR>[Stack]<UL><LI>Max Depth = 324 + Unknown Stack Size
<LI>Call Chain = _printf_f &rArr; _printf_fp_dec &rArr; _printf_fp_dec_real &rArr; _fp_digits &rArr; _btod_etento &rArr; _btod_emul &rArr; _e2e
</UL>
<BR>[Calls]<UL><LI><a href="#[b2]">&gt;&gt;</a>&nbsp;&nbsp;&nbsp;_printf_fp_dec
</UL>

<P><STRONG><a name="[b3]"></a>_printf_e</STRONG> (Thumb, 0 bytes, Stack size unknown bytes, C:\Keil_v5\ARM\ARMCC\Bin\..\lib\armlib\c_w.l(_printf_e.o)(.ARM.Collect$$_printf_percent$$00000004))
<BR><BR>[Stack]<UL><LI>Max Depth = 324 + Unknown Stack Size
<LI>Call Chain = _printf_e &rArr; _printf_fp_dec &rArr; _printf_fp_dec_real &rArr; _fp_digits &rArr; _btod_etento &rArr; _btod_emul &rArr; _e2e
</UL>
<BR>[Calls]<UL><LI><a href="#[b2]">&gt;&gt;</a>&nbsp;&nbsp;&nbsp;_printf_fp_dec
</UL>

<P><STRONG><a name="[b4]"></a>_printf_g</STRONG> (Thumb, 0 bytes, Stack size unknown bytes, C:\Keil_v5\ARM\ARMCC\Bin\..\lib\armlib\c_w.l(_printf_g.o)(.ARM.Collect$$_printf_percent$$00000005))
<BR><BR>[Stack]<UL><LI>Max Depth = 324 + Unknown Stack Size
<LI>Call Chain = _printf_g &rArr; _printf_fp_dec &rArr; _printf_fp_dec_real &rArr; _fp_digits &rArr; _btod_etento &rArr; _btod_emul &rArr; _e2e
</UL>
<BR>[Calls]<UL><LI><a href="#[b2]">&gt;&gt;</a>&nbsp;&nbsp;&nbsp;_printf_fp_dec
</UL>

<P><STRONG><a name="[b5]"></a>_printf_a</STRONG> (Thumb, 0 bytes, Stack size unknown bytes, C:\Keil_v5\ARM\ARMCC\Bin\..\lib\armlib\c_w.l(_printf_a.o)(.ARM.Collect$$_printf_percent$$00000006))
<BR><BR>[Stack]<UL><LI>Max Depth = 112 + Unknown Stack Size
<LI>Call Chain = _printf_a &rArr; _printf_fp_hex &rArr; _printf_fp_hex_real &rArr; _printf_fp_infnan &rArr; _printf_post_padding
</UL>
<BR>[Calls]<UL><LI><a href="#[b6]">&gt;&gt;</a>&nbsp;&nbsp;&nbsp;_printf_fp_hex
</UL>

<P><STRONG><a name="[23e]"></a>_printf_ll</STRONG> (Thumb, 0 bytes, Stack size unknown bytes, C:\Keil_v5\ARM\ARMCC\Bin\..\lib\armlib\c_w.l(_printf_ll.o)(.ARM.Collect$$_printf_percent$$00000007))

<P><STRONG><a name="[b7]"></a>_printf_i</STRONG> (Thumb, 0 bytes, Stack size unknown bytes, C:\Keil_v5\ARM\ARMCC\Bin\..\lib\armlib\c_w.l(_printf_i.o)(.ARM.Collect$$_printf_percent$$00000008))
<BR><BR>[Stack]<UL><LI>Max Depth = 72 + Unknown Stack Size
<LI>Call Chain = _printf_i &rArr; _printf_int_dec &rArr; _printf_int_common &rArr; _printf_post_padding
</UL>
<BR>[Calls]<UL><LI><a href="#[b8]">&gt;&gt;</a>&nbsp;&nbsp;&nbsp;_printf_int_dec
</UL>

<P><STRONG><a name="[b9]"></a>_printf_d</STRONG> (Thumb, 0 bytes, Stack size unknown bytes, C:\Keil_v5\ARM\ARMCC\Bin\..\lib\armlib\c_w.l(_printf_d.o)(.ARM.Collect$$_printf_percent$$00000009))
<BR><BR>[Stack]<UL><LI>Max Depth = 72 + Unknown Stack Size
<LI>Call Chain = _printf_d &rArr; _printf_int_dec &rArr; _printf_int_common &rArr; _printf_post_padding
</UL>
<BR>[Calls]<UL><LI><a href="#[b8]">&gt;&gt;</a>&nbsp;&nbsp;&nbsp;_printf_int_dec
</UL>

<P><STRONG><a name="[ba]"></a>_printf_u</STRONG> (Thumb, 0 bytes, Stack size unknown bytes, C:\Keil_v5\ARM\ARMCC\Bin\..\lib\armlib\c_w.l(_printf_u.o)(.ARM.Collect$$_printf_percent$$0000000A))
<BR><BR>[Stack]<UL><LI>Max Depth = 72 + Unknown Stack Size
<LI>Call Chain = _printf_u &rArr; _printf_int_dec &rArr; _printf_int_common &rArr; _printf_post_padding
</UL>
<BR>[Calls]<UL><LI><a href="#[b8]">&gt;&gt;</a>&nbsp;&nbsp;&nbsp;_printf_int_dec
</UL>

<P><STRONG><a name="[bb]"></a>_printf_o</STRONG> (Thumb, 0 bytes, Stack size unknown bytes, C:\Keil_v5\ARM\ARMCC\Bin\..\lib\armlib\c_w.l(_printf_o.o)(.ARM.Collect$$_printf_percent$$0000000B))
<BR><BR>[Stack]<UL><LI>Max Depth = 64 + Unknown Stack Size
<LI>Call Chain = _printf_o &rArr; _printf_int_oct &rArr; _printf_longlong_oct &rArr; _printf_int_common &rArr; _printf_post_padding
</UL>
<BR>[Calls]<UL><LI><a href="#[bc]">&gt;&gt;</a>&nbsp;&nbsp;&nbsp;_printf_int_oct
</UL>

<P><STRONG><a name="[bd]"></a>_printf_x</STRONG> (Thumb, 0 bytes, Stack size unknown bytes, C:\Keil_v5\ARM\ARMCC\Bin\..\lib\armlib\c_w.l(_printf_x.o)(.ARM.Collect$$_printf_percent$$0000000C))
<BR><BR>[Stack]<UL><LI>Max Depth = 80 + Unknown Stack Size
<LI>Call Chain = _printf_x &rArr; _printf_int_hex &rArr; _printf_longlong_hex &rArr; _printf_int_common &rArr; _printf_post_padding
</UL>
<BR>[Calls]<UL><LI><a href="#[be]">&gt;&gt;</a>&nbsp;&nbsp;&nbsp;_printf_int_hex
</UL>

<P><STRONG><a name="[bf]"></a>_printf_lli</STRONG> (Thumb, 0 bytes, Stack size unknown bytes, C:\Keil_v5\ARM\ARMCC\Bin\..\lib\armlib\c_w.l(_printf_lli.o)(.ARM.Collect$$_printf_percent$$0000000D))
<BR><BR>[Stack]<UL><LI>Max Depth = 72 + Unknown Stack Size
<LI>Call Chain = _printf_lli &rArr; _printf_longlong_dec &rArr; _printf_int_common &rArr; _printf_post_padding
</UL>
<BR>[Calls]<UL><LI><a href="#[c0]">&gt;&gt;</a>&nbsp;&nbsp;&nbsp;_printf_longlong_dec
</UL>

<P><STRONG><a name="[c1]"></a>_printf_lld</STRONG> (Thumb, 0 bytes, Stack size unknown bytes, C:\Keil_v5\ARM\ARMCC\Bin\..\lib\armlib\c_w.l(_printf_lld.o)(.ARM.Collect$$_printf_percent$$0000000E))
<BR><BR>[Stack]<UL><LI>Max Depth = 72 + Unknown Stack Size
<LI>Call Chain = _printf_lld &rArr; _printf_longlong_dec &rArr; _printf_int_common &rArr; _printf_post_padding
</UL>
<BR>[Calls]<UL><LI><a href="#[c0]">&gt;&gt;</a>&nbsp;&nbsp;&nbsp;_printf_longlong_dec
</UL>

<P><STRONG><a name="[c2]"></a>_printf_llu</STRONG> (Thumb, 0 bytes, Stack size unknown bytes, C:\Keil_v5\ARM\ARMCC\Bin\..\lib\armlib\c_w.l(_printf_llu.o)(.ARM.Collect$$_printf_percent$$0000000F))
<BR><BR>[Stack]<UL><LI>Max Depth = 72 + Unknown Stack Size
<LI>Call Chain = _printf_llu &rArr; _printf_longlong_dec &rArr; _printf_int_common &rArr; _printf_post_padding
</UL>
<BR>[Calls]<UL><LI><a href="#[c0]">&gt;&gt;</a>&nbsp;&nbsp;&nbsp;_printf_longlong_dec
</UL>

<P><STRONG><a name="[c3]"></a>_printf_llo</STRONG> (Thumb, 0 bytes, Stack size unknown bytes, C:\Keil_v5\ARM\ARMCC\Bin\..\lib\armlib\c_w.l(_printf_llo.o)(.ARM.Collect$$_printf_percent$$00000010))
<BR><BR>[Stack]<UL><LI>Max Depth = 56 + Unknown Stack Size
<LI>Call Chain = _printf_llo &rArr; _printf_ll_oct &rArr; _printf_longlong_oct &rArr; _printf_int_common &rArr; _printf_post_padding
</UL>
<BR>[Calls]<UL><LI><a href="#[c4]">&gt;&gt;</a>&nbsp;&nbsp;&nbsp;_printf_ll_oct
</UL>

<P><STRONG><a name="[c5]"></a>_printf_llx</STRONG> (Thumb, 0 bytes, Stack size unknown bytes, C:\Keil_v5\ARM\ARMCC\Bin\..\lib\armlib\c_w.l(_printf_llx.o)(.ARM.Collect$$_printf_percent$$00000011))
<BR><BR>[Stack]<UL><LI>Max Depth = 64 + Unknown Stack Size
<LI>Call Chain = _printf_llx &rArr; _printf_ll_hex &rArr; _printf_longlong_hex &rArr; _printf_int_common &rArr; _printf_post_padding
</UL>
<BR>[Calls]<UL><LI><a href="#[c6]">&gt;&gt;</a>&nbsp;&nbsp;&nbsp;_printf_ll_hex
</UL>

<P><STRONG><a name="[23f]"></a>_printf_l</STRONG> (Thumb, 0 bytes, Stack size unknown bytes, C:\Keil_v5\ARM\ARMCC\Bin\..\lib\armlib\c_w.l(_printf_l.o)(.ARM.Collect$$_printf_percent$$00000012))

<P><STRONG><a name="[c7]"></a>_printf_c</STRONG> (Thumb, 0 bytes, Stack size unknown bytes, C:\Keil_v5\ARM\ARMCC\Bin\..\lib\armlib\c_w.l(_printf_c.o)(.ARM.Collect$$_printf_percent$$00000013))
<BR><BR>[Stack]<UL><LI>Max Depth = 40 + Unknown Stack Size
<LI>Call Chain = _printf_c &rArr; _printf_char &rArr; _printf_cs_common &rArr; _printf_str &rArr; _printf_post_padding
</UL>
<BR>[Calls]<UL><LI><a href="#[c8]">&gt;&gt;</a>&nbsp;&nbsp;&nbsp;_printf_char
</UL>

<P><STRONG><a name="[c9]"></a>_printf_s</STRONG> (Thumb, 0 bytes, Stack size unknown bytes, C:\Keil_v5\ARM\ARMCC\Bin\..\lib\armlib\c_w.l(_printf_s.o)(.ARM.Collect$$_printf_percent$$00000014))
<BR><BR>[Stack]<UL><LI>Max Depth = 40 + Unknown Stack Size
<LI>Call Chain = _printf_s &rArr; _printf_string &rArr; _printf_cs_common &rArr; _printf_str &rArr; _printf_post_padding
</UL>
<BR>[Calls]<UL><LI><a href="#[ca]">&gt;&gt;</a>&nbsp;&nbsp;&nbsp;_printf_string
</UL>

<P><STRONG><a name="[cb]"></a>_printf_lc</STRONG> (Thumb, 0 bytes, Stack size unknown bytes, C:\Keil_v5\ARM\ARMCC\Bin\..\lib\armlib\c_w.l(_printf_lc.o)(.ARM.Collect$$_printf_percent$$00000015))
<BR><BR>[Stack]<UL><LI>Max Depth = 88 + Unknown Stack Size
<LI>Call Chain = _printf_lc &rArr; _printf_wchar &rArr; _printf_lcs_common &rArr; _printf_wctomb &rArr; _wcrtomb &rArr; __rt_ctype_table
</UL>
<BR>[Calls]<UL><LI><a href="#[cc]">&gt;&gt;</a>&nbsp;&nbsp;&nbsp;_printf_wchar
</UL>

<P><STRONG><a name="[cd]"></a>_printf_ls</STRONG> (Thumb, 0 bytes, Stack size unknown bytes, C:\Keil_v5\ARM\ARMCC\Bin\..\lib\armlib\c_w.l(_printf_ls.o)(.ARM.Collect$$_printf_percent$$00000016))
<BR><BR>[Stack]<UL><LI>Max Depth = 88 + Unknown Stack Size
<LI>Call Chain = _printf_ls &rArr; _printf_wstring &rArr; _printf_lcs_common &rArr; _printf_wctomb &rArr; _wcrtomb &rArr; __rt_ctype_table
</UL>
<BR>[Calls]<UL><LI><a href="#[ce]">&gt;&gt;</a>&nbsp;&nbsp;&nbsp;_printf_wstring
</UL>

<P><STRONG><a name="[240]"></a>_printf_percent_end</STRONG> (Thumb, 0 bytes, Stack size unknown bytes, C:\Keil_v5\ARM\ARMCC\Bin\..\lib\armlib\c_w.l(_printf_percent_end.o)(.ARM.Collect$$_printf_percent$$00000017))

<P><STRONG><a name="[e0]"></a>__rt_lib_init</STRONG> (Thumb, 0 bytes, Stack size unknown bytes, C:\Keil_v5\ARM\ARMCC\Bin\..\lib\armlib\c_w.l(libinit.o)(.ARM.Collect$$libinit$$00000000))
<BR><BR>[Called By]<UL><LI><a href="#[df]">&gt;&gt;</a>&nbsp;&nbsp;&nbsp;__rt_entry_li
</UL>

<P><STRONG><a name="[cf]"></a>__rt_lib_init_fp_1</STRONG> (Thumb, 0 bytes, Stack size unknown bytes, C:\Keil_v5\ARM\ARMCC\Bin\..\lib\armlib\c_w.l(libinit2.o)(.ARM.Collect$$libinit$$00000001))
<BR><BR>[Calls]<UL><LI><a href="#[d0]">&gt;&gt;</a>&nbsp;&nbsp;&nbsp;_fp_init
</UL>

<P><STRONG><a name="[d1]"></a>__rt_lib_init_heap_2</STRONG> (Thumb, 0 bytes, Stack size unknown bytes, C:\Keil_v5\ARM\ARMCC\Bin\..\lib\armlib\c_w.l(libinit2.o)(.ARM.Collect$$libinit$$00000005))
<BR><BR>[Stack]<UL><LI>Max Depth = 64 + Unknown Stack Size
<LI>Call Chain = __rt_lib_init_heap_2 &rArr; _init_alloc &rArr; __rt_SIGRTMEM &rArr; __rt_SIGRTMEM_inner &rArr; __default_signal_display &rArr; _ttywrch
</UL>
<BR>[Calls]<UL><LI><a href="#[d2]">&gt;&gt;</a>&nbsp;&nbsp;&nbsp;_init_alloc
</UL>

<P><STRONG><a name="[241]"></a>__rt_lib_init_preinit_1</STRONG> (Thumb, 0 bytes, Stack size unknown bytes, C:\Keil_v5\ARM\ARMCC\Bin\..\lib\armlib\c_w.l(libinit2.o)(.ARM.Collect$$libinit$$00000004))

<P><STRONG><a name="[242]"></a>__rt_lib_init_heap_1</STRONG> (Thumb, 0 bytes, Stack size unknown bytes, C:\Keil_v5\ARM\ARMCC\Bin\..\lib\armlib\c_w.l(libinit2.o)(.ARM.Collect$$libinit$$0000000A))

<P><STRONG><a name="[d3]"></a>__rt_lib_init_lc_common</STRONG> (Thumb, 0 bytes, Stack size unknown bytes, C:\Keil_v5\ARM\ARMCC\Bin\..\lib\armlib\c_w.l(libinit2.o)(.ARM.Collect$$libinit$$0000000F))
<BR><BR>[Calls]<UL><LI><a href="#[d4]">&gt;&gt;</a>&nbsp;&nbsp;&nbsp;__rt_locale
</UL>

<P><STRONG><a name="[243]"></a>__rt_lib_init_rand_1</STRONG> (Thumb, 0 bytes, Stack size unknown bytes, C:\Keil_v5\ARM\ARMCC\Bin\..\lib\armlib\c_w.l(libinit2.o)(.ARM.Collect$$libinit$$0000000E))

<P><STRONG><a name="[244]"></a>__rt_lib_init_user_alloc_1</STRONG> (Thumb, 0 bytes, Stack size unknown bytes, C:\Keil_v5\ARM\ARMCC\Bin\..\lib\armlib\c_w.l(libinit2.o)(.ARM.Collect$$libinit$$0000000C))

<P><STRONG><a name="[245]"></a>__rt_lib_init_lc_collate_1</STRONG> (Thumb, 0 bytes, Stack size unknown bytes, C:\Keil_v5\ARM\ARMCC\Bin\..\lib\armlib\c_w.l(libinit2.o)(.ARM.Collect$$libinit$$00000011))

<P><STRONG><a name="[d5]"></a>__rt_lib_init_lc_ctype_2</STRONG> (Thumb, 0 bytes, Stack size unknown bytes, C:\Keil_v5\ARM\ARMCC\Bin\..\lib\armlib\c_w.l(libinit2.o)(.ARM.Collect$$libinit$$00000012))
<BR><BR>[Stack]<UL><LI>Max Depth = 8 + Unknown Stack Size
<LI>Call Chain = __rt_lib_init_lc_ctype_2 &rArr; _get_lc_ctype
</UL>
<BR>[Calls]<UL><LI><a href="#[5a]">&gt;&gt;</a>&nbsp;&nbsp;&nbsp;_get_lc_ctype
</UL>

<P><STRONG><a name="[246]"></a>__rt_lib_init_lc_ctype_1</STRONG> (Thumb, 0 bytes, Stack size unknown bytes, C:\Keil_v5\ARM\ARMCC\Bin\..\lib\armlib\c_w.l(libinit2.o)(.ARM.Collect$$libinit$$00000013))

<P><STRONG><a name="[247]"></a>__rt_lib_init_lc_monetary_1</STRONG> (Thumb, 0 bytes, Stack size unknown bytes, C:\Keil_v5\ARM\ARMCC\Bin\..\lib\armlib\c_w.l(libinit2.o)(.ARM.Collect$$libinit$$00000015))

<P><STRONG><a name="[d6]"></a>__rt_lib_init_lc_numeric_2</STRONG> (Thumb, 0 bytes, Stack size unknown bytes, C:\Keil_v5\ARM\ARMCC\Bin\..\lib\armlib\c_w.l(libinit2.o)(.ARM.Collect$$libinit$$00000016))
<BR><BR>[Stack]<UL><LI>Max Depth = 8 + Unknown Stack Size
<LI>Call Chain = __rt_lib_init_lc_numeric_2 &rArr; _get_lc_numeric
</UL>
<BR>[Calls]<UL><LI><a href="#[d7]">&gt;&gt;</a>&nbsp;&nbsp;&nbsp;_get_lc_numeric
</UL>

<P><STRONG><a name="[248]"></a>__rt_lib_init_atexit_1</STRONG> (Thumb, 0 bytes, Stack size unknown bytes, C:\Keil_v5\ARM\ARMCC\Bin\..\lib\armlib\c_w.l(libinit2.o)(.ARM.Collect$$libinit$$0000001B))

<P><STRONG><a name="[249]"></a>__rt_lib_init_clock_1</STRONG> (Thumb, 0 bytes, Stack size unknown bytes, C:\Keil_v5\ARM\ARMCC\Bin\..\lib\armlib\c_w.l(libinit2.o)(.ARM.Collect$$libinit$$00000021))

<P><STRONG><a name="[24a]"></a>__rt_lib_init_fp_trap_1</STRONG> (Thumb, 0 bytes, Stack size unknown bytes, C:\Keil_v5\ARM\ARMCC\Bin\..\lib\armlib\c_w.l(libinit2.o)(.ARM.Collect$$libinit$$0000001F))

<P><STRONG><a name="[24b]"></a>__rt_lib_init_getenv_1</STRONG> (Thumb, 0 bytes, Stack size unknown bytes, C:\Keil_v5\ARM\ARMCC\Bin\..\lib\armlib\c_w.l(libinit2.o)(.ARM.Collect$$libinit$$00000023))

<P><STRONG><a name="[24c]"></a>__rt_lib_init_lc_numeric_1</STRONG> (Thumb, 0 bytes, Stack size unknown bytes, C:\Keil_v5\ARM\ARMCC\Bin\..\lib\armlib\c_w.l(libinit2.o)(.ARM.Collect$$libinit$$00000017))

<P><STRONG><a name="[24d]"></a>__rt_lib_init_lc_time_1</STRONG> (Thumb, 0 bytes, Stack size unknown bytes, C:\Keil_v5\ARM\ARMCC\Bin\..\lib\armlib\c_w.l(libinit2.o)(.ARM.Collect$$libinit$$00000019))

<P><STRONG><a name="[24e]"></a>__rt_lib_init_signal_1</STRONG> (Thumb, 0 bytes, Stack size unknown bytes, C:\Keil_v5\ARM\ARMCC\Bin\..\lib\armlib\c_w.l(libinit2.o)(.ARM.Collect$$libinit$$0000001D))

<P><STRONG><a name="[d8]"></a>__rt_lib_init_stdio_2</STRONG> (Thumb, 0 bytes, Stack size unknown bytes, C:\Keil_v5\ARM\ARMCC\Bin\..\lib\armlib\c_w.l(libinit2.o)(.ARM.Collect$$libinit$$00000024))
<BR><BR>[Stack]<UL><LI>Max Depth = 792 + Unknown Stack Size
<LI>Call Chain = __rt_lib_init_stdio_2 &rArr; _initio &rArr; freopen &rArr; _sys_open &rArr; open &rArr; mbed::FilePath::FilePath(const char*) &rArr; mbed::FileBase::lookup(const char*, unsigned) &rArr; SingletonPtr&lang;PlatformMutex&rang;::operator -&rang;() &rArr; mbed_assert_internal &rArr; mbed_die &rArr; gpio_init_out &rArr; gpio_mode &rArr; pin_mode &rArr;  mbed_assert_internal (Cycle)
</UL>
<BR>[Calls]<UL><LI><a href="#[d9]">&gt;&gt;</a>&nbsp;&nbsp;&nbsp;_initio
</UL>

<P><STRONG><a name="[24f]"></a>__rt_lib_init_alloca_1</STRONG> (Thumb, 0 bytes, Stack size unknown bytes, C:\Keil_v5\ARM\ARMCC\Bin\..\lib\armlib\c_w.l(libinit2.o)(.ARM.Collect$$libinit$$0000002E))

<P><STRONG><a name="[250]"></a>__rt_lib_init_argv_1</STRONG> (Thumb, 0 bytes, Stack size unknown bytes, C:\Keil_v5\ARM\ARMCC\Bin\..\lib\armlib\c_w.l(libinit2.o)(.ARM.Collect$$libinit$$0000002C))

<P><STRONG><a name="[da]"></a>__rt_lib_init_cpp_2</STRONG> (Thumb, 0 bytes, Stack size unknown bytes, C:\Keil_v5\ARM\ARMCC\Bin\..\lib\armlib\c_w.l(libinit2.o)(.ARM.Collect$$libinit$$00000031))
<BR><BR>[Stack]<UL><LI>Max Depth = 16 + Unknown Stack Size
<LI>Call Chain = __rt_lib_init_cpp_2 &rArr; __cpp_initialize__aeabi_
</UL>
<BR>[Calls]<UL><LI><a href="#[a9]">&gt;&gt;</a>&nbsp;&nbsp;&nbsp;__cpp_initialize__aeabi_
</UL>

<P><STRONG><a name="[251]"></a>__rt_lib_init_exceptions_1</STRONG> (Thumb, 0 bytes, Stack size unknown bytes, C:\Keil_v5\ARM\ARMCC\Bin\..\lib\armlib\c_w.l(libinit2.o)(.ARM.Collect$$libinit$$00000030))

<P><STRONG><a name="[252]"></a>__rt_lib_init_stdio_1</STRONG> (Thumb, 0 bytes, Stack size unknown bytes, C:\Keil_v5\ARM\ARMCC\Bin\..\lib\armlib\c_w.l(libinit2.o)(.ARM.Collect$$libinit$$00000025))

<P><STRONG><a name="[253]"></a>__rt_lib_init_cpp_1</STRONG> (Thumb, 0 bytes, Stack size unknown bytes, C:\Keil_v5\ARM\ARMCC\Bin\..\lib\armlib\c_w.l(libinit2.o)(.ARM.Collect$$libinit$$00000032))

<P><STRONG><a name="[254]"></a>__rt_lib_init_return</STRONG> (Thumb, 0 bytes, Stack size unknown bytes, C:\Keil_v5\ARM\ARMCC\Bin\..\lib\armlib\c_w.l(libinit2.o)(.ARM.Collect$$libinit$$00000033))

<P><STRONG><a name="[ab]"></a>__rt_entry</STRONG> (Thumb, 0 bytes, Stack size unknown bytes, C:\Keil_v5\ARM\ARMCC\Bin\..\lib\armlib\c_w.l(__rtentry.o)(.ARM.Collect$$rtentry$$00000000))
<BR><BR>[Called By]<UL><LI><a href="#[a8]">&gt;&gt;</a>&nbsp;&nbsp;&nbsp;__main
<LI><a href="#[ac]">&gt;&gt;</a>&nbsp;&nbsp;&nbsp;__scatterload_rt2
</UL>

<P><STRONG><a name="[255]"></a>__rt_entry_presh_1</STRONG> (Thumb, 0 bytes, Stack size unknown bytes, C:\Keil_v5\ARM\ARMCC\Bin\..\lib\armlib\c_w.l(__rtentry2.o)(.ARM.Collect$$rtentry$$00000002))

<P><STRONG><a name="[db]"></a>__rt_entry_sh</STRONG> (Thumb, 0 bytes, Stack size unknown bytes, C:\Keil_v5\ARM\ARMCC\Bin\..\lib\armlib\c_w.l(__rtentry4.o)(.ARM.Collect$$rtentry$$00000004))
<BR><BR>[Stack]<UL><LI>Max Depth = 8 + Unknown Stack Size
<LI>Call Chain = __rt_entry_sh &rArr; __user_setup_stackheap
</UL>
<BR>[Calls]<UL><LI><a href="#[dc]">&gt;&gt;</a>&nbsp;&nbsp;&nbsp;__user_setup_stackheap
</UL>

<P><STRONG><a name="[256]"></a>__rt_lib_shutdown_stdio_2</STRONG> (Thumb, 0 bytes, Stack size unknown bytes, C:\Keil_v5\ARM\ARMCC\Bin\..\lib\armlib\c_w.l(libshutdown2.o)(.ARM.Collect$$libshutdown$$00000006))

<P><STRONG><a name="[dd]"></a>__rt_entry_postsh_1</STRONG> (Thumb, 0 bytes, Stack size unknown bytes, C:\Keil_v5\ARM\ARMCC\Bin\..\lib\armlib\c_w.l(__rtentry2.o)(.ARM.Collect$$rtentry$$00000008))
<BR><BR>[Stack]<UL><LI>Max Depth = 880 + Unknown Stack Size
<LI>Call Chain = __rt_entry_postsh_1 &rArr; _platform_post_stackheap_init &rArr; mbed_sdk_init &rArr; SetSysClock &rArr; HAL_RCC_OscConfig &rArr; HAL_GetTick &rArr; ticker_read_us &rArr; initialize &rArr; mbed_assert_internal &rArr; mbed_die &rArr; gpio_init_out &rArr; gpio_mode &rArr; pin_mode &rArr;  mbed_assert_internal (Cycle)
</UL>
<BR>[Calls]<UL><LI><a href="#[de]">&gt;&gt;</a>&nbsp;&nbsp;&nbsp;_platform_post_stackheap_init
</UL>

<P><STRONG><a name="[df]"></a>__rt_entry_li</STRONG> (Thumb, 0 bytes, Stack size unknown bytes, C:\Keil_v5\ARM\ARMCC\Bin\..\lib\armlib\c_w.l(__rtentry2.o)(.ARM.Collect$$rtentry$$0000000A))
<BR><BR>[Calls]<UL><LI><a href="#[e0]">&gt;&gt;</a>&nbsp;&nbsp;&nbsp;__rt_lib_init
</UL>

<P><STRONG><a name="[e1]"></a>__rt_entry_main</STRONG> (Thumb, 0 bytes, Stack size unknown bytes, C:\Keil_v5\ARM\ARMCC\Bin\..\lib\armlib\c_w.l(__rtentry2.o)(.ARM.Collect$$rtentry$$0000000D))
<BR><BR>[Stack]<UL><LI>Max Depth = 2104 + Unknown Stack Size
<LI>Call Chain = __rt_entry_main &rArr; main &rArr; $Super$$main &rArr; LPS22HBSensor::enable() &rArr; LPS22HBSensor::Set_ODR_When_Enabled(float) &rArr; LPS22HB_Set_Odr &rArr; LPS22HB_write_reg &rArr; LPS22HB_io_write &rArr; mbed::I2C::write(int, const char*, int, bool) &rArr; i2c_write &rArr; wait_us &rArr; ticker_read &rArr; initialize &rArr; mbed_assert_internal &rArr; mbed_die &rArr; gpio_init_out &rArr; gpio_mode &rArr; pin_mode &rArr;  mbed_assert_internal (Cycle)
</UL>
<BR>[Calls]<UL><LI><a href="#[e2]">&gt;&gt;</a>&nbsp;&nbsp;&nbsp;main
<LI><a href="#[e3]">&gt;&gt;</a>&nbsp;&nbsp;&nbsp;exit
</UL>

<P><STRONG><a name="[257]"></a>__rt_entry_postli_1</STRONG> (Thumb, 0 bytes, Stack size unknown bytes, C:\Keil_v5\ARM\ARMCC\Bin\..\lib\armlib\c_w.l(__rtentry2.o)(.ARM.Collect$$rtentry$$0000000C))

<P><STRONG><a name="[12]"></a>Reset_Handler</STRONG> (Thumb, 8 bytes, Stack size 0 bytes, mbed/TARGET_NUCLEO_F401RE/TOOLCHAIN_ARM_STD/startup_stm32f401xe.o(.text))
<BR>[Address Reference Count : 1]<UL><LI> startup_stm32f401xe.o(RESET)
</UL>
<P><STRONG><a name="[258]"></a>_maybe_terminate_alloc</STRONG> (Thumb, 0 bytes, Stack size 0 bytes, C:\Keil_v5\ARM\ARMCC\Bin\..\lib\armlib\c_w.l(maybetermalloc1.o)(.emb_text), UNUSED)

<P><STRONG><a name="[13]"></a>NMI_Handler</STRONG> (Thumb, 2 bytes, Stack size 0 bytes, mbed/TARGET_NUCLEO_F401RE/TOOLCHAIN_ARM_STD/startup_stm32f401xe.o(.text))
<BR><BR>[Calls]<UL><LI><a href="#[13]">&gt;&gt;</a>&nbsp;&nbsp;&nbsp;NMI_Handler
</UL>
<BR>[Called By]<UL><LI><a href="#[13]">&gt;&gt;</a>&nbsp;&nbsp;&nbsp;NMI_Handler
</UL>
<BR>[Address Reference Count : 1]<UL><LI> startup_stm32f401xe.o(RESET)
</UL>
<P><STRONG><a name="[14]"></a>HardFault_Handler</STRONG> (Thumb, 2 bytes, Stack size 0 bytes, mbed/TARGET_NUCLEO_F401RE/TOOLCHAIN_ARM_STD/startup_stm32f401xe.o(.text))
<BR><BR>[Calls]<UL><LI><a href="#[14]">&gt;&gt;</a>&nbsp;&nbsp;&nbsp;HardFault_Handler
</UL>
<BR>[Called By]<UL><LI><a href="#[14]">&gt;&gt;</a>&nbsp;&nbsp;&nbsp;HardFault_Handler
</UL>
<BR>[Address Reference Count : 1]<UL><LI> startup_stm32f401xe.o(RESET)
</UL>
<P><STRONG><a name="[15]"></a>MemManage_Handler</STRONG> (Thumb, 2 bytes, Stack size 0 bytes, mbed/TARGET_NUCLEO_F401RE/TOOLCHAIN_ARM_STD/startup_stm32f401xe.o(.text))
<BR><BR>[Calls]<UL><LI><a href="#[15]">&gt;&gt;</a>&nbsp;&nbsp;&nbsp;MemManage_Handler
</UL>
<BR>[Called By]<UL><LI><a href="#[15]">&gt;&gt;</a>&nbsp;&nbsp;&nbsp;MemManage_Handler
</UL>
<BR>[Address Reference Count : 1]<UL><LI> startup_stm32f401xe.o(RESET)
</UL>
<P><STRONG><a name="[16]"></a>BusFault_Handler</STRONG> (Thumb, 2 bytes, Stack size 0 bytes, mbed/TARGET_NUCLEO_F401RE/TOOLCHAIN_ARM_STD/startup_stm32f401xe.o(.text))
<BR><BR>[Calls]<UL><LI><a href="#[16]">&gt;&gt;</a>&nbsp;&nbsp;&nbsp;BusFault_Handler
</UL>
<BR>[Called By]<UL><LI><a href="#[16]">&gt;&gt;</a>&nbsp;&nbsp;&nbsp;BusFault_Handler
</UL>
<BR>[Address Reference Count : 1]<UL><LI> startup_stm32f401xe.o(RESET)
</UL>
<P><STRONG><a name="[17]"></a>UsageFault_Handler</STRONG> (Thumb, 2 bytes, Stack size 0 bytes, mbed/TARGET_NUCLEO_F401RE/TOOLCHAIN_ARM_STD/startup_stm32f401xe.o(.text))
<BR><BR>[Calls]<UL><LI><a href="#[17]">&gt;&gt;</a>&nbsp;&nbsp;&nbsp;UsageFault_Handler
</UL>
<BR>[Called By]<UL><LI><a href="#[17]">&gt;&gt;</a>&nbsp;&nbsp;&nbsp;UsageFault_Handler
</UL>
<BR>[Address Reference Count : 1]<UL><LI> startup_stm32f401xe.o(RESET)
</UL>
<P><STRONG><a name="[18]"></a>SVC_Handler</STRONG> (Thumb, 2 bytes, Stack size 0 bytes, mbed/TARGET_NUCLEO_F401RE/TOOLCHAIN_ARM_STD/startup_stm32f401xe.o(.text))
<BR><BR>[Calls]<UL><LI><a href="#[18]">&gt;&gt;</a>&nbsp;&nbsp;&nbsp;SVC_Handler
</UL>
<BR>[Called By]<UL><LI><a href="#[18]">&gt;&gt;</a>&nbsp;&nbsp;&nbsp;SVC_Handler
</UL>
<BR>[Address Reference Count : 1]<UL><LI> startup_stm32f401xe.o(RESET)
</UL>
<P><STRONG><a name="[19]"></a>DebugMon_Handler</STRONG> (Thumb, 2 bytes, Stack size 0 bytes, mbed/TARGET_NUCLEO_F401RE/TOOLCHAIN_ARM_STD/startup_stm32f401xe.o(.text))
<BR><BR>[Calls]<UL><LI><a href="#[19]">&gt;&gt;</a>&nbsp;&nbsp;&nbsp;DebugMon_Handler
</UL>
<BR>[Called By]<UL><LI><a href="#[19]">&gt;&gt;</a>&nbsp;&nbsp;&nbsp;DebugMon_Handler
</UL>
<BR>[Address Reference Count : 1]<UL><LI> startup_stm32f401xe.o(RESET)
</UL>
<P><STRONG><a name="[1a]"></a>PendSV_Handler</STRONG> (Thumb, 2 bytes, Stack size 0 bytes, mbed/TARGET_NUCLEO_F401RE/TOOLCHAIN_ARM_STD/startup_stm32f401xe.o(.text))
<BR><BR>[Calls]<UL><LI><a href="#[1a]">&gt;&gt;</a>&nbsp;&nbsp;&nbsp;PendSV_Handler
</UL>
<BR>[Called By]<UL><LI><a href="#[1a]">&gt;&gt;</a>&nbsp;&nbsp;&nbsp;PendSV_Handler
</UL>
<BR>[Address Reference Count : 1]<UL><LI> startup_stm32f401xe.o(RESET)
</UL>
<P><STRONG><a name="[1b]"></a>SysTick_Handler</STRONG> (Thumb, 2 bytes, Stack size 0 bytes, mbed/TARGET_NUCLEO_F401RE/TOOLCHAIN_ARM_STD/startup_stm32f401xe.o(.text))
<BR><BR>[Calls]<UL><LI><a href="#[1b]">&gt;&gt;</a>&nbsp;&nbsp;&nbsp;SysTick_Handler
</UL>
<BR>[Called By]<UL><LI><a href="#[1b]">&gt;&gt;</a>&nbsp;&nbsp;&nbsp;SysTick_Handler
</UL>
<BR>[Address Reference Count : 1]<UL><LI> startup_stm32f401xe.o(RESET)
</UL>
<P><STRONG><a name="[2e]"></a>ADC_IRQHandler</STRONG> (Thumb, 0 bytes, Stack size 0 bytes, mbed/TARGET_NUCLEO_F401RE/TOOLCHAIN_ARM_STD/startup_stm32f401xe.o(.text))
<BR><BR>[Calls]<UL><LI><a href="#[2e]">&gt;&gt;</a>&nbsp;&nbsp;&nbsp;ADC_IRQHandler
</UL>
<BR>[Called By]<UL><LI><a href="#[2e]">&gt;&gt;</a>&nbsp;&nbsp;&nbsp;ADC_IRQHandler
</UL>
<BR>[Address Reference Count : 1]<UL><LI> startup_stm32f401xe.o(RESET)
</UL>
<P><STRONG><a name="[27]"></a>DMA1_Stream0_IRQHandler</STRONG> (Thumb, 0 bytes, Stack size 0 bytes, mbed/TARGET_NUCLEO_F401RE/TOOLCHAIN_ARM_STD/startup_stm32f401xe.o(.text))
<BR>[Address Reference Count : 1]<UL><LI> startup_stm32f401xe.o(RESET)
</UL>
<P><STRONG><a name="[28]"></a>DMA1_Stream1_IRQHandler</STRONG> (Thumb, 0 bytes, Stack size 0 bytes, mbed/TARGET_NUCLEO_F401RE/TOOLCHAIN_ARM_STD/startup_stm32f401xe.o(.text))
<BR>[Address Reference Count : 1]<UL><LI> startup_stm32f401xe.o(RESET)
</UL>
<P><STRONG><a name="[29]"></a>DMA1_Stream2_IRQHandler</STRONG> (Thumb, 0 bytes, Stack size 0 bytes, mbed/TARGET_NUCLEO_F401RE/TOOLCHAIN_ARM_STD/startup_stm32f401xe.o(.text))
<BR>[Address Reference Count : 1]<UL><LI> startup_stm32f401xe.o(RESET)
</UL>
<P><STRONG><a name="[2a]"></a>DMA1_Stream3_IRQHandler</STRONG> (Thumb, 0 bytes, Stack size 0 bytes, mbed/TARGET_NUCLEO_F401RE/TOOLCHAIN_ARM_STD/startup_stm32f401xe.o(.text))
<BR>[Address Reference Count : 1]<UL><LI> startup_stm32f401xe.o(RESET)
</UL>
<P><STRONG><a name="[2b]"></a>DMA1_Stream4_IRQHandler</STRONG> (Thumb, 0 bytes, Stack size 0 bytes, mbed/TARGET_NUCLEO_F401RE/TOOLCHAIN_ARM_STD/startup_stm32f401xe.o(.text))
<BR>[Address Reference Count : 1]<UL><LI> startup_stm32f401xe.o(RESET)
</UL>
<P><STRONG><a name="[2c]"></a>DMA1_Stream5_IRQHandler</STRONG> (Thumb, 0 bytes, Stack size 0 bytes, mbed/TARGET_NUCLEO_F401RE/TOOLCHAIN_ARM_STD/startup_stm32f401xe.o(.text))
<BR>[Address Reference Count : 1]<UL><LI> startup_stm32f401xe.o(RESET)
</UL>
<P><STRONG><a name="[2d]"></a>DMA1_Stream6_IRQHandler</STRONG> (Thumb, 0 bytes, Stack size 0 bytes, mbed/TARGET_NUCLEO_F401RE/TOOLCHAIN_ARM_STD/startup_stm32f401xe.o(.text))
<BR>[Address Reference Count : 1]<UL><LI> startup_stm32f401xe.o(RESET)
</UL>
<P><STRONG><a name="[42]"></a>DMA1_Stream7_IRQHandler</STRONG> (Thumb, 0 bytes, Stack size 0 bytes, mbed/TARGET_NUCLEO_F401RE/TOOLCHAIN_ARM_STD/startup_stm32f401xe.o(.text))
<BR>[Address Reference Count : 1]<UL><LI> startup_stm32f401xe.o(RESET)
</UL>
<P><STRONG><a name="[46]"></a>DMA2_Stream0_IRQHandler</STRONG> (Thumb, 0 bytes, Stack size 0 bytes, mbed/TARGET_NUCLEO_F401RE/TOOLCHAIN_ARM_STD/startup_stm32f401xe.o(.text))
<BR>[Address Reference Count : 1]<UL><LI> startup_stm32f401xe.o(RESET)
</UL>
<P><STRONG><a name="[47]"></a>DMA2_Stream1_IRQHandler</STRONG> (Thumb, 0 bytes, Stack size 0 bytes, mbed/TARGET_NUCLEO_F401RE/TOOLCHAIN_ARM_STD/startup_stm32f401xe.o(.text))
<BR>[Address Reference Count : 1]<UL><LI> startup_stm32f401xe.o(RESET)
</UL>
<P><STRONG><a name="[48]"></a>DMA2_Stream2_IRQHandler</STRONG> (Thumb, 0 bytes, Stack size 0 bytes, mbed/TARGET_NUCLEO_F401RE/TOOLCHAIN_ARM_STD/startup_stm32f401xe.o(.text))
<BR>[Address Reference Count : 1]<UL><LI> startup_stm32f401xe.o(RESET)
</UL>
<P><STRONG><a name="[49]"></a>DMA2_Stream3_IRQHandler</STRONG> (Thumb, 0 bytes, Stack size 0 bytes, mbed/TARGET_NUCLEO_F401RE/TOOLCHAIN_ARM_STD/startup_stm32f401xe.o(.text))
<BR>[Address Reference Count : 1]<UL><LI> startup_stm32f401xe.o(RESET)
</UL>
<P><STRONG><a name="[4a]"></a>DMA2_Stream4_IRQHandler</STRONG> (Thumb, 0 bytes, Stack size 0 bytes, mbed/TARGET_NUCLEO_F401RE/TOOLCHAIN_ARM_STD/startup_stm32f401xe.o(.text))
<BR>[Address Reference Count : 1]<UL><LI> startup_stm32f401xe.o(RESET)
</UL>
<P><STRONG><a name="[4c]"></a>DMA2_Stream5_IRQHandler</STRONG> (Thumb, 0 bytes, Stack size 0 bytes, mbed/TARGET_NUCLEO_F401RE/TOOLCHAIN_ARM_STD/startup_stm32f401xe.o(.text))
<BR>[Address Reference Count : 1]<UL><LI> startup_stm32f401xe.o(RESET)
</UL>
<P><STRONG><a name="[4d]"></a>DMA2_Stream6_IRQHandler</STRONG> (Thumb, 0 bytes, Stack size 0 bytes, mbed/TARGET_NUCLEO_F401RE/TOOLCHAIN_ARM_STD/startup_stm32f401xe.o(.text))
<BR>[Address Reference Count : 1]<UL><LI> startup_stm32f401xe.o(RESET)
</UL>
<P><STRONG><a name="[4e]"></a>DMA2_Stream7_IRQHandler</STRONG> (Thumb, 0 bytes, Stack size 0 bytes, mbed/TARGET_NUCLEO_F401RE/TOOLCHAIN_ARM_STD/startup_stm32f401xe.o(.text))
<BR>[Address Reference Count : 1]<UL><LI> startup_stm32f401xe.o(RESET)
</UL>
<P><STRONG><a name="[22]"></a>EXTI0_IRQHandler</STRONG> (Thumb, 0 bytes, Stack size 0 bytes, mbed/TARGET_NUCLEO_F401RE/TOOLCHAIN_ARM_STD/startup_stm32f401xe.o(.text))
<BR>[Address Reference Count : 1]<UL><LI> startup_stm32f401xe.o(RESET)
</UL>
<P><STRONG><a name="[3f]"></a>EXTI15_10_IRQHandler</STRONG> (Thumb, 0 bytes, Stack size 0 bytes, mbed/TARGET_NUCLEO_F401RE/TOOLCHAIN_ARM_STD/startup_stm32f401xe.o(.text))
<BR>[Address Reference Count : 1]<UL><LI> startup_stm32f401xe.o(RESET)
</UL>
<P><STRONG><a name="[23]"></a>EXTI1_IRQHandler</STRONG> (Thumb, 0 bytes, Stack size 0 bytes, mbed/TARGET_NUCLEO_F401RE/TOOLCHAIN_ARM_STD/startup_stm32f401xe.o(.text))
<BR>[Address Reference Count : 1]<UL><LI> startup_stm32f401xe.o(RESET)
</UL>
<P><STRONG><a name="[24]"></a>EXTI2_IRQHandler</STRONG> (Thumb, 0 bytes, Stack size 0 bytes, mbed/TARGET_NUCLEO_F401RE/TOOLCHAIN_ARM_STD/startup_stm32f401xe.o(.text))
<BR>[Address Reference Count : 1]<UL><LI> startup_stm32f401xe.o(RESET)
</UL>
<P><STRONG><a name="[25]"></a>EXTI3_IRQHandler</STRONG> (Thumb, 0 bytes, Stack size 0 bytes, mbed/TARGET_NUCLEO_F401RE/TOOLCHAIN_ARM_STD/startup_stm32f401xe.o(.text))
<BR>[Address Reference Count : 1]<UL><LI> startup_stm32f401xe.o(RESET)
</UL>
<P><STRONG><a name="[26]"></a>EXTI4_IRQHandler</STRONG> (Thumb, 0 bytes, Stack size 0 bytes, mbed/TARGET_NUCLEO_F401RE/TOOLCHAIN_ARM_STD/startup_stm32f401xe.o(.text))
<BR>[Address Reference Count : 1]<UL><LI> startup_stm32f401xe.o(RESET)
</UL>
<P><STRONG><a name="[2f]"></a>EXTI9_5_IRQHandler</STRONG> (Thumb, 0 bytes, Stack size 0 bytes, mbed/TARGET_NUCLEO_F401RE/TOOLCHAIN_ARM_STD/startup_stm32f401xe.o(.text))
<BR>[Address Reference Count : 1]<UL><LI> startup_stm32f401xe.o(RESET)
</UL>
<P><STRONG><a name="[20]"></a>FLASH_IRQHandler</STRONG> (Thumb, 0 bytes, Stack size 0 bytes, mbed/TARGET_NUCLEO_F401RE/TOOLCHAIN_ARM_STD/startup_stm32f401xe.o(.text))
<BR>[Address Reference Count : 1]<UL><LI> startup_stm32f401xe.o(RESET)
</UL>
<P><STRONG><a name="[52]"></a>FPU_IRQHandler</STRONG> (Thumb, 0 bytes, Stack size 0 bytes, mbed/TARGET_NUCLEO_F401RE/TOOLCHAIN_ARM_STD/startup_stm32f401xe.o(.text))
<BR>[Address Reference Count : 1]<UL><LI> startup_stm32f401xe.o(RESET)
</UL>
<P><STRONG><a name="[38]"></a>I2C1_ER_IRQHandler</STRONG> (Thumb, 0 bytes, Stack size 0 bytes, mbed/TARGET_NUCLEO_F401RE/TOOLCHAIN_ARM_STD/startup_stm32f401xe.o(.text))
<BR>[Address Reference Count : 1]<UL><LI> startup_stm32f401xe.o(RESET)
</UL>
<P><STRONG><a name="[37]"></a>I2C1_EV_IRQHandler</STRONG> (Thumb, 0 bytes, Stack size 0 bytes, mbed/TARGET_NUCLEO_F401RE/TOOLCHAIN_ARM_STD/startup_stm32f401xe.o(.text))
<BR>[Address Reference Count : 1]<UL><LI> startup_stm32f401xe.o(RESET)
</UL>
<P><STRONG><a name="[3a]"></a>I2C2_ER_IRQHandler</STRONG> (Thumb, 0 bytes, Stack size 0 bytes, mbed/TARGET_NUCLEO_F401RE/TOOLCHAIN_ARM_STD/startup_stm32f401xe.o(.text))
<BR>[Address Reference Count : 1]<UL><LI> startup_stm32f401xe.o(RESET)
</UL>
<P><STRONG><a name="[39]"></a>I2C2_EV_IRQHandler</STRONG> (Thumb, 0 bytes, Stack size 0 bytes, mbed/TARGET_NUCLEO_F401RE/TOOLCHAIN_ARM_STD/startup_stm32f401xe.o(.text))
<BR>[Address Reference Count : 1]<UL><LI> startup_stm32f401xe.o(RESET)
</UL>
<P><STRONG><a name="[51]"></a>I2C3_ER_IRQHandler</STRONG> (Thumb, 0 bytes, Stack size 0 bytes, mbed/TARGET_NUCLEO_F401RE/TOOLCHAIN_ARM_STD/startup_stm32f401xe.o(.text))
<BR>[Address Reference Count : 1]<UL><LI> startup_stm32f401xe.o(RESET)
</UL>
<P><STRONG><a name="[50]"></a>I2C3_EV_IRQHandler</STRONG> (Thumb, 0 bytes, Stack size 0 bytes, mbed/TARGET_NUCLEO_F401RE/TOOLCHAIN_ARM_STD/startup_stm32f401xe.o(.text))
<BR>[Address Reference Count : 1]<UL><LI> startup_stm32f401xe.o(RESET)
</UL>
<P><STRONG><a name="[4b]"></a>OTG_FS_IRQHandler</STRONG> (Thumb, 0 bytes, Stack size 0 bytes, mbed/TARGET_NUCLEO_F401RE/TOOLCHAIN_ARM_STD/startup_stm32f401xe.o(.text))
<BR>[Address Reference Count : 1]<UL><LI> startup_stm32f401xe.o(RESET)
</UL>
<P><STRONG><a name="[41]"></a>OTG_FS_WKUP_IRQHandler</STRONG> (Thumb, 0 bytes, Stack size 0 bytes, mbed/TARGET_NUCLEO_F401RE/TOOLCHAIN_ARM_STD/startup_stm32f401xe.o(.text))
<BR>[Address Reference Count : 1]<UL><LI> startup_stm32f401xe.o(RESET)
</UL>
<P><STRONG><a name="[1d]"></a>PVD_IRQHandler</STRONG> (Thumb, 0 bytes, Stack size 0 bytes, mbed/TARGET_NUCLEO_F401RE/TOOLCHAIN_ARM_STD/startup_stm32f401xe.o(.text))
<BR>[Address Reference Count : 1]<UL><LI> startup_stm32f401xe.o(RESET)
</UL>
<P><STRONG><a name="[21]"></a>RCC_IRQHandler</STRONG> (Thumb, 0 bytes, Stack size 0 bytes, mbed/TARGET_NUCLEO_F401RE/TOOLCHAIN_ARM_STD/startup_stm32f401xe.o(.text))
<BR>[Address Reference Count : 1]<UL><LI> startup_stm32f401xe.o(RESET)
</UL>
<P><STRONG><a name="[40]"></a>RTC_Alarm_IRQHandler</STRONG> (Thumb, 0 bytes, Stack size 0 bytes, mbed/TARGET_NUCLEO_F401RE/TOOLCHAIN_ARM_STD/startup_stm32f401xe.o(.text))
<BR>[Address Reference Count : 1]<UL><LI> startup_stm32f401xe.o(RESET)
</UL>
<P><STRONG><a name="[1f]"></a>RTC_WKUP_IRQHandler</STRONG> (Thumb, 0 bytes, Stack size 0 bytes, mbed/TARGET_NUCLEO_F401RE/TOOLCHAIN_ARM_STD/startup_stm32f401xe.o(.text))
<BR>[Address Reference Count : 1]<UL><LI> startup_stm32f401xe.o(RESET)
</UL>
<P><STRONG><a name="[43]"></a>SDIO_IRQHandler</STRONG> (Thumb, 0 bytes, Stack size 0 bytes, mbed/TARGET_NUCLEO_F401RE/TOOLCHAIN_ARM_STD/startup_stm32f401xe.o(.text))
<BR>[Address Reference Count : 1]<UL><LI> startup_stm32f401xe.o(RESET)
</UL>
[...]
</UL>
<BR>[Calls]<UL><LI><a href="#[206]">&gt;&gt;</a>&nbsp;&nbsp;&nbsp;gpio_init_out
<LI><a href="#[1b5]">&gt;&gt;</a>&nbsp;&nbsp;&nbsp;__aeabi_atexit
<LI><a href="#[1f4]">&gt;&gt;</a>&nbsp;&nbsp;&nbsp;mbed::Serial::Serial(PinName, PinName, const char*, int)
<LI><a href="#[1f3]">&gt;&gt;</a>&nbsp;&nbsp;&nbsp;mbed::Timer::Timer()
<LI><a href="#[1d3]">&gt;&gt;</a>&nbsp;&nbsp;&nbsp;XNucleoIKS01A2::instance(PinName, PinName, PinName, PinName)
<LI><a href="#[101]">&gt;&gt;</a>&nbsp;&nbsp;&nbsp;__aeabi_memclr4
</UL>
<BR>[Address Reference Count : 1]<UL><LI> main.o(.init_array)
</UL>
<P><STRONG><a name="[6a]"></a>gpio_irq0</STRONG> (Thumb, 8 bytes, Stack size 0 bytes, mbed/TARGET_NUCLEO_F401RE/TOOLCHAIN_ARM_STD/gpio_irq_api.o(i.gpio_irq0))
<BR><BR>[Stack]<UL><LI>Max Depth = 584 + Unknown Stack Size
<LI>Call Chain = gpio_irq0 &rArr; handle_interrupt_in &rArr; error &rArr; mbed_error_vfprintf &rArr;  core_util_critical_section_exit (Cycle)
</UL>
<BR>[Calls]<UL><LI><a href="#[21a]">&gt;&gt;</a>&nbsp;&nbsp;&nbsp;handle_interrupt_in
</UL>
<BR>[Address Reference Count : 1]<UL><LI> gpio_irq_api.o(i.gpio_irq_init)
</UL>
<P><STRONG><a name="[6b]"></a>gpio_irq1</STRONG> (Thumb, 8 bytes, Stack size 0 bytes, mbed/TARGET_NUCLEO_F401RE/TOOLCHAIN_ARM_STD/gpio_irq_api.o(i.gpio_irq1))
<BR><BR>[Stack]<UL><LI>Max Depth = 584 + Unknown Stack Size
<LI>Call Chain = gpio_irq1 &rArr; handle_interrupt_in &rArr; error &rArr; mbed_error_vfprintf &rArr;  core_util_critical_section_exit (Cycle)
</UL>
<BR>[Calls]<UL><LI><a href="#[21a]">&gt;&gt;</a>&nbsp;&nbsp;&nbsp;handle_interrupt_in
</UL>
<BR>[Address Reference Count : 1]<UL><LI> gpio_irq_api.o(i.gpio_irq_init)
</UL>
<P><STRONG><a name="[6c]"></a>gpio_irq2</STRONG> (Thumb, 8 bytes, Stack size 0 bytes, mbed/TARGET_NUCLEO_F401RE/TOOLCHAIN_ARM_STD/gpio_irq_api.o(i.gpio_irq2))
<BR><BR>[Stack]<UL><LI>Max Depth = 584 + Unknown Stack Size
<LI>Call Chain = gpio_irq2 &rArr; handle_interrupt_in &rArr; error &rArr; mbed_error_vfprintf &rArr;  core_util_critical_section_exit (Cycle)
</UL>
<BR>[Calls]<UL><LI><a href="#[21a]">&gt;&gt;</a>&nbsp;&nbsp;&nbsp;handle_interrupt_in
</UL>
<BR>[Address Reference Count : 1]<UL><LI> gpio_irq_api.o(i.gpio_irq_init)
</UL>
<P><STRONG><a name="[6d]"></a>gpio_irq3</STRONG> (Thumb, 8 bytes, Stack size 0 bytes, mbed/TARGET_NUCLEO_F401RE/TOOLCHAIN_ARM_STD/gpio_irq_api.o(i.gpio_irq3))
<BR><BR>[Stack]<UL><LI>Max Depth = 584 + Unknown Stack Size
<LI>Call Chain = gpio_irq3 &rArr; handle_interrupt_in &rArr; error &rArr; mbed_error_vfprintf &rArr;  core_util_critical_section_exit (Cycle)
</UL>
<BR>[Calls]<UL><LI><a href="#[21a]">&gt;&gt;</a>&nbsp;&nbsp;&nbsp;handle_interrupt_in
</UL>
<BR>[Address Reference Count : 1]<UL><LI> gpio_irq_api.o(i.gpio_irq_init)
</UL>
<P><STRONG><a name="[6e]"></a>gpio_irq4</STRONG> (Thumb, 8 bytes, Stack size 0 bytes, mbed/TARGET_NUCLEO_F401RE/TOOLCHAIN_ARM_STD/gpio_irq_api.o(i.gpio_irq4))
<BR><BR>[Stack]<UL><LI>Max Depth = 584 + Unknown Stack Size
<LI>Call Chain = gpio_irq4 &rArr; handle_interrupt_in &rArr; error &rArr; mbed_error_vfprintf &rArr;  core_util_critical_section_exit (Cycle)
</UL>
<BR>[Calls]<UL><LI><a href="#[21a]">&gt;&gt;</a>&nbsp;&nbsp;&nbsp;handle_interrupt_in
</UL>
<BR>[Address Reference Count : 1]<UL><LI> gpio_irq_api.o(i.gpio_irq_init)
</UL>
<P><STRONG><a name="[6f]"></a>gpio_irq5</STRONG> (Thumb, 8 bytes, Stack size 0 bytes, mbed/TARGET_NUCLEO_F401RE/TOOLCHAIN_ARM_STD/gpio_irq_api.o(i.gpio_irq5))
<BR><BR>[Stack]<UL><LI>Max Depth = 584 + Unknown Stack Size
<LI>Call Chain = gpio_irq5 &rArr; handle_interrupt_in &rArr; error &rArr; mbed_error_vfprintf &rArr;  core_util_critical_section_exit (Cycle)
</UL>
<BR>[Calls]<UL><LI><a href="#[21a]">&gt;&gt;</a>&nbsp;&nbsp;&nbsp;handle_interrupt_in
</UL>
<BR>[Address Reference Count : 1]<UL><LI> gpio_irq_api.o(i.gpio_irq_init)
</UL>
<P><STRONG><a name="[70]"></a>gpio_irq6</STRONG> (Thumb, 8 bytes, Stack size 0 bytes, mbed/TARGET_NUCLEO_F401RE/TOOLCHAIN_ARM_STD/gpio_irq_api.o(i.gpio_irq6))
<BR><BR>[Stack]<UL><LI>Max Depth = 584 + Unknown Stack Size
<LI>Call Chain = gpio_irq6 &rArr; handle_interrupt_in &rArr; error &rArr; mbed_error_vfprintf &rArr;  core_util_critical_section_exit (Cycle)
</UL>
<BR>[Calls]<UL><LI><a href="#[21a]">&gt;&gt;</a>&nbsp;&nbsp;&nbsp;handle_interrupt_in
</UL>
<BR>[Address Reference Count : 1]<UL><LI> gpio_irq_api.o(i.gpio_irq_init)
</UL>
<P><STRONG><a name="[21a]"></a>handle_interrupt_in</STRONG> (Thumb, 134 bytes, Stack size 24 bytes, mbed/TARGET_NUCLEO_F401RE/TOOLCHAIN_ARM_STD/gpio_irq_api.o(i.handle_interrupt_in))
<BR><BR>[Stack]<UL><LI>Max Depth = 584 + Unknown Stack Size
<LI>Call Chain = handle_interrupt_in &rArr; error &rArr; mbed_error_vfprintf &rArr;  core_util_critical_section_exit (Cycle)
</UL>
<BR>[Calls]<UL><LI><a href="#[1a9]">&gt;&gt;</a>&nbsp;&nbsp;&nbsp;error
</UL>
<BR>[Called By]<UL><LI><a href="#[70]">&gt;&gt;</a>&nbsp;&nbsp;&nbsp;gpio_irq6
<LI><a href="#[6f]">&gt;&gt;</a>&nbsp;&nbsp;&nbsp;gpio_irq5
<LI><a href="#[6e]">&gt;&gt;</a>&nbsp;&nbsp;&nbsp;gpio_irq4
<LI><a href="#[6d]">&gt;&gt;</a>&nbsp;&nbsp;&nbsp;gpio_irq3
<LI><a href="#[6c]">&gt;&gt;</a>&nbsp;&nbsp;&nbsp;gpio_irq2
<LI><a href="#[6b]">&gt;&gt;</a>&nbsp;&nbsp;&nbsp;gpio_irq1
<LI><a href="#[6a]">&gt;&gt;</a>&nbsp;&nbsp;&nbsp;gpio_irq0
</UL>

<P><STRONG><a name="[5b]"></a>i2c1_irq</STRONG> (Thumb, 22 bytes, Stack size 8 bytes, mbed/TARGET_NUCLEO_F401RE/TOOLCHAIN_ARM_STD/i2c_api.o(i.i2c1_irq))
<BR><BR>[Stack]<UL><LI>Max Depth = 784 + Unknown Stack Size
<LI>Call Chain = i2c1_irq &rArr; HAL_I2C_EV_IRQHandler &rArr; I2C_ITError &rArr; HAL_I2C_ErrorCallback &rArr; i2c_init &rArr; mbed_assert_internal &rArr; mbed_die &rArr; gpio_init_out &rArr; gpio_mode &rArr; pin_mode &rArr;  mbed_assert_internal (Cycle)
</UL>
<BR>[Calls]<UL><LI><a href="#[148]">&gt;&gt;</a>&nbsp;&nbsp;&nbsp;HAL_I2C_EV_IRQHandler
<LI><a href="#[144]">&gt;&gt;</a>&nbsp;&nbsp;&nbsp;HAL_I2C_ER_IRQHandler
</UL>
<BR>[Address Reference Count : 3]<UL><LI> i2c_api.o(i.i2c_read)
<LI> i2c_api.o(i.i2c_write)
<LI> i2c_api.o(i.HAL_I2C_ErrorCallback)
</UL>
<P><STRONG><a name="[5c]"></a>i2c2_irq</STRONG> (Thumb, 22 bytes, Stack size 8 bytes, mbed/TARGET_NUCLEO_F401RE/TOOLCHAIN_ARM_STD/i2c_api.o(i.i2c2_irq))
<BR><BR>[Stack]<UL><LI>Max Depth = 784 + Unknown Stack Size
<LI>Call Chain = i2c2_irq &rArr; HAL_I2C_EV_IRQHandler &rArr; I2C_ITError &rArr; HAL_I2C_ErrorCallback &rArr; i2c_init &rArr; mbed_assert_internal &rArr; mbed_die &rArr; gpio_init_out &rArr; gpio_mode &rArr; pin_mode &rArr;  mbed_assert_internal (Cycle)
</UL>
<BR>[Calls]<UL><LI><a href="#[148]">&gt;&gt;</a>&nbsp;&nbsp;&nbsp;HAL_I2C_EV_IRQHandler
<LI><a href="#[144]">&gt;&gt;</a>&nbsp;&nbsp;&nbsp;HAL_I2C_ER_IRQHandler
</UL>
<BR>[Address Reference Count : 3]<UL><LI> i2c_api.o(i.i2c_read)
<LI> i2c_api.o(i.i2c_write)
<LI> i2c_api.o(i.HAL_I2C_ErrorCallback)
</UL>
<P><STRONG><a name="[5d]"></a>i2c3_irq</STRONG> (Thumb, 22 bytes, Stack size 8 bytes, mbed/TARGET_NUCLEO_F401RE/TOOLCHAIN_ARM_STD/i2c_api.o(i.i2c3_irq))
<BR><BR>[Stack]<UL><LI>Max Depth = 784 + Unknown Stack Size
<LI>Call Chain = i2c3_irq &rArr; HAL_I2C_EV_IRQHandler &rArr; I2C_ITError &rArr; HAL_I2C_ErrorCallback &rArr; i2c_init &rArr; mbed_assert_internal &rArr; mbed_die &rArr; gpio_init_out &rArr; gpio_mode &rArr; pin_mode &rArr;  mbed_assert_internal (Cycle)
</UL>
<BR>[Calls]<UL><LI><a href="#[148]">&gt;&gt;</a>&nbsp;&nbsp;&nbsp;HAL_I2C_EV_IRQHandler
<LI><a href="#[144]">&gt;&gt;</a>&nbsp;&nbsp;&nbsp;HAL_I2C_ER_IRQHandler
</UL>
<BR>[Address Reference Count : 3]<UL><LI> i2c_api.o(i.i2c_read)
<LI> i2c_api.o(i.i2c_write)
<LI> i2c_api.o(i.HAL_I2C_ErrorCallback)
</UL>
<P><STRONG><a name="[1ab]"></a>reserve_filehandle()</STRONG> (Thumb, 154 bytes, Stack size 16 bytes, mbed/TARGET_NUCLEO_F401RE/TOOLCHAIN_ARM_STD/mbed_retarget.o(i._Z18reserve_filehandlev))
<BR><BR>[Stack]<UL><LI>Max Depth = 672 + Unknown Stack Size
<LI>Call Chain = reserve_filehandle() &rArr; mbed_assert_internal &rArr; mbed_die &rArr; gpio_init_out &rArr; gpio_mode &rArr; pin_mode &rArr;  mbed_assert_internal (Cycle)
</UL>
<BR>[Calls]<UL><LI><a href="#[1ac]">&gt;&gt;</a>&nbsp;&nbsp;&nbsp;mbed_assert_internal
<LI><a href="#[130]">&gt;&gt;</a>&nbsp;&nbsp;&nbsp;__aeabi_errno_addr
</UL>
<BR>[Called By]<UL><LI><a href="#[20a]">&gt;&gt;</a>&nbsp;&nbsp;&nbsp;open
<LI><a href="#[1f8]">&gt;&gt;</a>&nbsp;&nbsp;&nbsp;mbed::fdopen(mbed::FileHandle*, const char*)
</UL>

<P><STRONG><a name="[1af]"></a>get_fhc(int)</STRONG> (Thumb, 138 bytes, Stack size 24 bytes, mbed/TARGET_NUCLEO_F401RE/TOOLCHAIN_ARM_STD/mbed_retarget.o(i._Z7get_fhci))
<BR><BR>[Stack]<UL><LI>Max Depth = 416 + Unknown Stack Size
<LI>Call Chain = get_fhc(int) &rArr; serial_init &rArr;  pin_mode (Cycle)
</UL>
<BR>[Calls]<UL><LI><a href="#[1b1]">&gt;&gt;</a>&nbsp;&nbsp;&nbsp;mbed::mbed_target_override_console(int)
<LI><a href="#[1b0]">&gt;&gt;</a>&nbsp;&nbsp;&nbsp;mbed::mbed_override_console(int)
<LI><a href="#[1b4]">&gt;&gt;</a>&nbsp;&nbsp;&nbsp;serial_baud
<LI><a href="#[1b6]">&gt;&gt;</a>&nbsp;&nbsp;&nbsp;__cxa_guard_release
<LI><a href="#[1b2]">&gt;&gt;</a>&nbsp;&nbsp;&nbsp;__cxa_guard_acquire
<LI><a href="#[1b3]">&gt;&gt;</a>&nbsp;&nbsp;&nbsp;serial_init
<LI><a href="#[1b5]">&gt;&gt;</a>&nbsp;&nbsp;&nbsp;__aeabi_atexit
</UL>
<BR>[Called By]<UL><LI><a href="#[128]">&gt;&gt;</a>&nbsp;&nbsp;&nbsp;_sys_write
<LI><a href="#[120]">&gt;&gt;</a>&nbsp;&nbsp;&nbsp;_sys_seek
<LI><a href="#[11c]">&gt;&gt;</a>&nbsp;&nbsp;&nbsp;_sys_read
<LI><a href="#[ff]">&gt;&gt;</a>&nbsp;&nbsp;&nbsp;_sys_open
<LI><a href="#[125]">&gt;&gt;</a>&nbsp;&nbsp;&nbsp;_sys_istty
<LI><a href="#[124]">&gt;&gt;</a>&nbsp;&nbsp;&nbsp;_sys_flen
<LI><a href="#[104]">&gt;&gt;</a>&nbsp;&nbsp;&nbsp;_sys_close
<LI><a href="#[1f8]">&gt;&gt;</a>&nbsp;&nbsp;&nbsp;mbed::fdopen(mbed::FileHandle*, const char*)
</UL>

<P><STRONG><a name="[20f]"></a>debug</STRONG> (Thumb, 20 bytes, Stack size 24 bytes, mbed/TARGET_NUCLEO_F401RE/TOOLCHAIN_ARM_STD/serial_api.o(i.debug))
<BR><BR>[Stack]<UL><LI>Max Depth = 144 + Unknown Stack Size
<LI>Call Chain = debug &rArr; vfprintf &rArr; _printf_char_file &rArr; _printf_char_common &rArr; __printf
</UL>
<BR>[Calls]<UL><LI><a href="#[e8]">&gt;&gt;</a>&nbsp;&nbsp;&nbsp;vfprintf
</UL>
<BR>[Called By]<UL><LI><a href="#[1b4]">&gt;&gt;</a>&nbsp;&nbsp;&nbsp;serial_baud
</UL>

<P><STRONG><a name="[72]"></a>uart1_irq</STRONG> (Thumb, 6 bytes, Stack size 0 bytes, mbed/TARGET_NUCLEO_F401RE/TOOLCHAIN_ARM_STD/serial_device.o(i.uart1_irq))
<BR><BR>[Stack]<UL><LI>Max Depth = 24<LI>Call Chain = uart1_irq &rArr; uart_irq
</UL>
<BR>[Calls]<UL><LI><a href="#[233]">&gt;&gt;</a>&nbsp;&nbsp;&nbsp;uart_irq
</UL>
<BR>[Address Reference Count : 1]<UL><LI> serial_device.o(i.serial_irq_set)
</UL>
<P><STRONG><a name="[71]"></a>uart2_irq</STRONG> (Thumb, 6 bytes, Stack size 0 bytes, mbed/TARGET_NUCLEO_F401RE/TOOLCHAIN_ARM_STD/serial_device.o(i.uart2_irq))
<BR><BR>[Stack]<UL><LI>Max Depth = 24<LI>Call Chain = uart2_irq &rArr; uart_irq
</UL>
<BR>[Calls]<UL><LI><a href="#[233]">&gt;&gt;</a>&nbsp;&nbsp;&nbsp;uart_irq
</UL>
<BR>[Address Reference Count : 1]<UL><LI> serial_device.o(i.serial_irq_set)
</UL>
<P><STRONG><a name="[73]"></a>uart6_irq</STRONG> (Thumb, 6 bytes, Stack size 0 bytes, mbed/TARGET_NUCLEO_F401RE/TOOLCHAIN_ARM_STD/serial_device.o(i.uart6_irq))
<BR><BR>[Stack]<UL><LI>Max Depth = 24<LI>Call Chain = uart6_irq &rArr; uart_irq
</UL>
<BR>[Calls]<UL><LI><a href="#[233]">&gt;&gt;</a>&nbsp;&nbsp;&nbsp;uart_irq
</UL>
<BR>[Address Reference Count : 1]<UL><LI> serial_device.o(i.serial_irq_set)
</UL>
<P><STRONG><a name="[233]"></a>uart_irq</STRONG> (Thumb, 108 bytes, Stack size 24 bytes, mbed/TARGET_NUCLEO_F401RE/TOOLCHAIN_ARM_STD/serial_device.o(i.uart_irq))
<BR><BR>[Stack]<UL><LI>Max Depth = 24<LI>Call Chain = uart_irq
</UL>
<BR>[Calls]<UL><LI><a href="#[234]">&gt;&gt;</a>&nbsp;&nbsp;&nbsp;get_uart_index
</UL>
<BR>[Called By]<UL><LI><a href="#[73]">&gt;&gt;</a>&nbsp;&nbsp;&nbsp;uart6_irq
<LI><a href="#[71]">&gt;&gt;</a>&nbsp;&nbsp;&nbsp;uart2_irq
<LI><a href="#[72]">&gt;&gt;</a>&nbsp;&nbsp;&nbsp;uart1_irq
</UL>

<P><STRONG><a name="[60]"></a>I2C_DMAAbort</STRONG> (Thumb, 78 bytes, Stack size 8 bytes, mbed/TARGET_NUCLEO_F401RE/TOOLCHAIN_ARM_STD/stm32f4xx_hal_i2c.o(i.I2C_DMAAbort))
<BR><BR>[Stack]<UL><LI>Max Depth = 728 + Unknown Stack Size
<LI>Call Chain = I2C_DMAAbort &rArr; HAL_I2C_ErrorCallback &rArr; i2c_init &rArr; mbed_assert_internal &rArr; mbed_die &rArr; gpio_init_out &rArr; gpio_mode &rArr; pin_mode &rArr;  mbed_assert_internal (Cycle)
</UL>
<BR>[Calls]<UL><LI><a href="#[14f]">&gt;&gt;</a>&nbsp;&nbsp;&nbsp;HAL_I2C_ErrorCallback
<LI><a href="#[142]">&gt;&gt;</a>&nbsp;&nbsp;&nbsp;HAL_I2C_AbortCpltCallback
</UL>
<BR>[Address Reference Count : 1]<UL><LI> stm32f4xx_hal_i2c.o(i.I2C_ITError)
</UL>
<P><STRONG><a name="[147]"></a>I2C_ITError</STRONG> (Thumb, 300 bytes, Stack size 16 bytes, mbed/TARGET_NUCLEO_F401RE/TOOLCHAIN_ARM_STD/stm32f4xx_hal_i2c.o(i.I2C_ITError))
<BR><BR>[Stack]<UL><LI>Max Depth = 736 + Unknown Stack Size
<LI>Call Chain = I2C_ITError &rArr; HAL_I2C_ErrorCallback &rArr; i2c_init &rArr; mbed_assert_internal &rArr; mbed_die &rArr; gpio_init_out &rArr; gpio_mode &rArr; pin_mode &rArr;  mbed_assert_internal (Cycle)
</UL>
<BR>[Calls]<UL><LI><a href="#[165]">&gt;&gt;</a>&nbsp;&nbsp;&nbsp;HAL_DMA_Abort_IT
<LI><a href="#[145]">&gt;&gt;</a>&nbsp;&nbsp;&nbsp;HAL_I2C_ListenCpltCallback
<LI><a href="#[14f]">&gt;&gt;</a>&nbsp;&nbsp;&nbsp;HAL_I2C_ErrorCallback
<LI><a href="#[142]">&gt;&gt;</a>&nbsp;&nbsp;&nbsp;HAL_I2C_AbortCpltCallback
</UL>
<BR>[Called By]<UL><LI><a href="#[148]">&gt;&gt;</a>&nbsp;&nbsp;&nbsp;HAL_I2C_EV_IRQHandler
<LI><a href="#[144]">&gt;&gt;</a>&nbsp;&nbsp;&nbsp;HAL_I2C_ER_IRQHandler
</UL>

<P><STRONG><a name="[5f]"></a>UART_DMAAbortOnError</STRONG> (Thumb, 16 bytes, Stack size 8 bytes, mbed/TARGET_NUCLEO_F401RE/TOOLCHAIN_ARM_STD/stm32f4xx_hal_uart.o(i.UART_DMAAbortOnError))
<BR><BR>[Stack]<UL><LI>Max Depth = 12<LI>Call Chain = UART_DMAAbortOnError &rArr; HAL_UART_ErrorCallback
</UL>
<BR>[Calls]<UL><LI><a href="#[166]">&gt;&gt;</a>&nbsp;&nbsp;&nbsp;HAL_UART_ErrorCallback
</UL>
<BR>[Address Reference Count : 1]<UL><LI> stm32f4xx_hal_uart.o(i.HAL_UART_IRQHandler)
</UL>
<P><STRONG><a name="[16a]"></a>UART_SetConfig</STRONG> (Thumb, 822 bytes, Stack size 24 bytes, mbed/TARGET_NUCLEO_F401RE/TOOLCHAIN_ARM_STD/stm32f4xx_hal_uart.o(i.UART_SetConfig))
<BR><BR>[Stack]<UL><LI>Max Depth = 24<LI>Call Chain = UART_SetConfig
</UL>
<BR>[Calls]<UL><LI><a href="#[1aa]">&gt;&gt;</a>&nbsp;&nbsp;&nbsp;HAL_RCC_GetPCLK2Freq
<LI><a href="#[155]">&gt;&gt;</a>&nbsp;&nbsp;&nbsp;HAL_RCC_GetPCLK1Freq
</UL>
<BR>[Called By]<UL><LI><a href="#[168]">&gt;&gt;</a>&nbsp;&nbsp;&nbsp;HAL_UART_Init
</UL>

<P><STRONG><a name="[63]"></a>&lang;Func3&rang;</STRONG> (Thumb, 12 bytes, Stack size 0 bytes, mbed/TARGET_NUCLEO_F401RE/TOOLCHAIN_ARM_STD/mbed.ar(SerialBase.o)(i.<Func3>))
<BR>[Address Reference Count : 1]<UL><LI> SerialBase.o(i._ZN4mbed10SerialBaseC1E7PinNameS1_i)
</UL>
<P><STRONG><a name="[224]"></a>initialize</STRONG> (Thumb, 234 bytes, Stack size 40 bytes, mbed/TARGET_NUCLEO_F401RE/TOOLCHAIN_ARM_STD/mbed.ar(mbed_ticker_api.o)(i.initialize))
<BR><BR>[Stack]<UL><LI>Max Depth = 696 + Unknown Stack Size
<LI>Call Chain = initialize &rArr; mbed_assert_internal &rArr; mbed_die &rArr; gpio_init_out &rArr; gpio_mode &rArr; pin_mode &rArr;  mbed_assert_internal (Cycle)
</UL>
<BR>[Calls]<UL><LI><a href="#[1ac]">&gt;&gt;</a>&nbsp;&nbsp;&nbsp;mbed_assert_internal
<LI><a href="#[225]">&gt;&gt;</a>&nbsp;&nbsp;&nbsp;__aeabi_llsl
<LI><a href="#[141]">&gt;&gt;</a>&nbsp;&nbsp;&nbsp;__aeabi_uldivmod
<LI><a href="#[226]">&gt;&gt;</a>&nbsp;&nbsp;&nbsp;update_present_time
<LI><a href="#[227]">&gt;&gt;</a>&nbsp;&nbsp;&nbsp;schedule_interrupt
</UL>
<BR>[Called By]<UL><LI><a href="#[231]">&gt;&gt;</a>&nbsp;&nbsp;&nbsp;ticker_read
<LI><a href="#[140]">&gt;&gt;</a>&nbsp;&nbsp;&nbsp;ticker_read_us
</UL>

<P><STRONG><a name="[227]"></a>schedule_interrupt</STRONG> (Thumb, 240 bytes, Stack size 32 bytes, mbed/TARGET_NUCLEO_F401RE/TOOLCHAIN_ARM_STD/mbed.ar(mbed_ticker_api.o)(i.schedule_interrupt))
<BR><BR>[Stack]<UL><LI>Max Depth = 120<LI>Call Chain = schedule_interrupt &rArr; update_present_time &rArr; __aeabi_uldivmod
</UL>
<BR>[Calls]<UL><LI><a href="#[225]">&gt;&gt;</a>&nbsp;&nbsp;&nbsp;__aeabi_llsl
<LI><a href="#[141]">&gt;&gt;</a>&nbsp;&nbsp;&nbsp;__aeabi_uldivmod
<LI><a href="#[226]">&gt;&gt;</a>&nbsp;&nbsp;&nbsp;update_present_time
</UL>
<BR>[Called By]<UL><LI><a href="#[224]">&gt;&gt;</a>&nbsp;&nbsp;&nbsp;initialize
<LI><a href="#[11]">&gt;&gt;</a>&nbsp;&nbsp;&nbsp;ticker_irq_handler
</UL>

<P><STRONG><a name="[226]"></a>update_present_time</STRONG> (Thumb, 252 bytes, Stack size 40 bytes, mbed/TARGET_NUCLEO_F401RE/TOOLCHAIN_ARM_STD/mbed.ar(mbed_ticker_api.o)(i.update_present_time))
<BR><BR>[Stack]<UL><LI>Max Depth = 88<LI>Call Chain = update_present_time &rArr; __aeabi_uldivmod
</UL>
<BR>[Calls]<UL><LI><a href="#[235]">&gt;&gt;</a>&nbsp;&nbsp;&nbsp;__aeabi_llsr
<LI><a href="#[225]">&gt;&gt;</a>&nbsp;&nbsp;&nbsp;__aeabi_llsl
<LI><a href="#[141]">&gt;&gt;</a>&nbsp;&nbsp;&nbsp;__aeabi_uldivmod
</UL>
<BR>[Called By]<UL><LI><a href="#[231]">&gt;&gt;</a>&nbsp;&nbsp;&nbsp;ticker_read
<LI><a href="#[140]">&gt;&gt;</a>&nbsp;&nbsp;&nbsp;ticker_read_us
<LI><a href="#[227]">&gt;&gt;</a>&nbsp;&nbsp;&nbsp;schedule_interrupt
<LI><a href="#[224]">&gt;&gt;</a>&nbsp;&nbsp;&nbsp;initialize
<LI><a href="#[11]">&gt;&gt;</a>&nbsp;&nbsp;&nbsp;ticker_irq_handler
</UL>

<P><STRONG><a name="[210]"></a>handle_error</STRONG> (Thumb, 108 bytes, Stack size 56 bytes, mbed/TARGET_NUCLEO_F401RE/TOOLCHAIN_ARM_STD/mbed.ar(mbed_error.o)(i.handle_error))
<BR><BR>[Stack]<UL><LI>Max Depth = 88 + In Cycle
<LI>Call Chain = handle_error &rArr;  core_util_critical_section_exit (Cycle)
</UL>
<BR>[Calls]<UL><LI><a href="#[1e8]">&gt;&gt;</a>&nbsp;&nbsp;&nbsp;core_util_critical_section_exit
<LI><a href="#[1e5]">&gt;&gt;</a>&nbsp;&nbsp;&nbsp;core_util_critical_section_enter
<LI><a href="#[21c]">&gt;&gt;</a>&nbsp;&nbsp;&nbsp;mbed_error_hist_put
</UL>
<BR>[Called By]<UL><LI><a href="#[1f9]">&gt;&gt;</a>&nbsp;&nbsp;&nbsp;mbed_error
<LI><a href="#[1a9]">&gt;&gt;</a>&nbsp;&nbsp;&nbsp;error
</UL>

<P><STRONG><a name="[211]"></a>print_error_report</STRONG> (Thumb, 200 bytes, Stack size 32 bytes, mbed/TARGET_NUCLEO_F401RE/TOOLCHAIN_ARM_STD/mbed.ar(mbed_error.o)(i.print_error_report))
<BR><BR>[Stack]<UL><LI>Max Depth = 320 + Unknown Stack Size
<LI>Call Chain = print_error_report &rArr; mbed_error_printf &rArr;  serial_init (Cycle)
</UL>
<BR>[Calls]<UL><LI><a href="#[22a]">&gt;&gt;</a>&nbsp;&nbsp;&nbsp;mbed_error_printf
</UL>
<BR>[Called By]<UL><LI><a href="#[1f9]">&gt;&gt;</a>&nbsp;&nbsp;&nbsp;mbed_error
<LI><a href="#[1a9]">&gt;&gt;</a>&nbsp;&nbsp;&nbsp;error
</UL>

<P><STRONG><a name="[10d]"></a>_fp_digits</STRONG> (Thumb, 432 bytes, Stack size 96 bytes, C:\Keil_v5\ARM\ARMCC\Bin\..\lib\armlib\c_w.l(_printf_fp_dec.o)(.text))
<BR><BR>[Stack]<UL><LI>Max Depth = 220<LI>Call Chain = _fp_digits &rArr; _btod_etento &rArr; _btod_emul &rArr; _e2e
</UL>
<BR>[Calls]<UL><LI><a href="#[111]">&gt;&gt;</a>&nbsp;&nbsp;&nbsp;_btod_emul
<LI><a href="#[110]">&gt;&gt;</a>&nbsp;&nbsp;&nbsp;_btod_ediv
<LI><a href="#[10f]">&gt;&gt;</a>&nbsp;&nbsp;&nbsp;_btod_d2e
<LI><a href="#[10e]">&gt;&gt;</a>&nbsp;&nbsp;&nbsp;_btod_etento
<LI><a href="#[112]">&gt;&gt;</a>&nbsp;&nbsp;&nbsp;_ll_udiv10
</UL>
<BR>[Called By]<UL><LI><a href="#[113]">&gt;&gt;</a>&nbsp;&nbsp;&nbsp;_printf_fp_dec_real
</UL>

<P><STRONG><a name="[58]"></a>_printf_input_char</STRONG> (Thumb, 10 bytes, Stack size 0 bytes, C:\Keil_v5\ARM\ARMCC\Bin\..\lib\armlib\c_w.l(_printf_char_common.o)(.text))
<BR>[Address Reference Count : 1]<UL><LI> _printf_char_common.o(.text)
</UL><P>
<H3>
Undefined Global Symbols
</H3><HR></body></html>
